Copyright 1986-2022 Xilinx, Inc. All Rights Reserved. Copyright 2022-2024 Advanced Micro Devices, Inc. All Rights Reserved.
--------------------------------------------------------------------------------------------------------------------------------------------------------------------------------------------------------------
| Tool Version      : Vivado v.2024.2 (lin64) Build 5239630 Fri Nov 08 22:34:34 MST 2024
| Date              : Sun Nov 10 22:29:44 2024
| Host              : xcosswbld05 running 64-bit Ubuntu 22.04 LTS
| Command           : report_bus_skew -warn_on_violation -file kria_starter_kit_wrapper_bus_skew_routed.rpt -pb kria_starter_kit_wrapper_bus_skew_routed.pb -rpx kria_starter_kit_wrapper_bus_skew_routed.rpx
| Design            : kria_starter_kit_wrapper
| Device            : xck26-sfvc784
| Speed File        : -2LV  PRODUCTION 1.30 05-15-2022
| Design State      : Routed
| Temperature Grade : C
--------------------------------------------------------------------------------------------------------------------------------------------------------------------------------------------------------------

Bus Skew Report

No bus skew constraints

