Copyright 1986-2022 Xilinx, Inc. All Rights Reserved. Copyright 2022-2024 Advanced Micro Devices, Inc. All Rights Reserved.
---------------------------------------------------------------------------------------------------------------------------------------------
| Tool Version : Vivado v.2024.2 (lin64) Build 5239630 Fri Nov 08 22:34:34 MST 2024
| Date         : Sat Jan  3 19:42:48 2026
| Host         : randy-HP-Laptop-17t-cn300 running 64-bit Ubuntu 22.04.5 LTS
| Command      : report_control_sets -verbose -file kria_bd_wrapper_control_sets_placed.rpt
| Design       : kria_bd_wrapper
| Device       : xck26
---------------------------------------------------------------------------------------------------------------------------------------------

Control Set Information

Table of Contents
-----------------
1. Summary
2. Histogram
3. Flip-Flop Distribution
4. Detailed Control Set Information

1. Summary
----------

+----------------------------------------------------------+-------+
|                          Status                          | Count |
+----------------------------------------------------------+-------+
| Total control sets                                       |    63 |
|    Minimum number of control sets                        |    63 |
|    Addition due to synthesis replication                 |     0 |
|    Addition due to physical synthesis replication        |     0 |
| Unused register locations in slices containing registers |    89 |
+----------------------------------------------------------+-------+
* Control sets can be merged at opt_design using control_set_merge or merge_equivalent_drivers
** Run report_qor_suggestions for automated merging and remapping suggestions


2. Histogram
------------

+--------------------+-------+
|       Fanout       | Count |
+--------------------+-------+
| Total control sets |    63 |
| >= 0 to < 4        |    27 |
| >= 4 to < 6        |     5 |
| >= 6 to < 8        |     6 |
| >= 8 to < 10       |     6 |
| >= 10 to < 12      |     3 |
| >= 12 to < 14      |     0 |
| >= 14 to < 16      |     0 |
| >= 16              |    16 |
+--------------------+-------+
* Control sets can be remapped at either synth_design or opt_design


3. Flip-Flop Distribution
-------------------------

+--------------+-----------------------+------------------------+-----------------+--------------+
| Clock Enable | Synchronous Set/Reset | Asynchronous Set/Reset | Total Registers | Total Slices |
+--------------+-----------------------+------------------------+-----------------+--------------+
| No           | No                    | No                     |              94 |           33 |
| No           | No                    | Yes                    |              27 |            8 |
| No           | Yes                   | No                     |              90 |           44 |
| Yes          | No                    | No                     |             216 |           39 |
| Yes          | No                    | Yes                    |               0 |            0 |
| Yes          | Yes                   | No                     |             236 |           65 |
+--------------+-----------------------+------------------------+-----------------+--------------+


4. Detailed Control Set Information
-----------------------------------

+------------------------------------+--------------------------------------------------------------------------------------------------------------------------------------------------------------------+-----------------------------------------------------------------------------------------------------------------------------+------------------+----------------+--------------+
|            Clock Signal            |                                                                            Enable Signal                                                                           |                                                       Set/Reset Signal                                                      | Slice Load Count | Bel Load Count | Bels / Slice |
+------------------------------------+--------------------------------------------------------------------------------------------------------------------------------------------------------------------+-----------------------------------------------------------------------------------------------------------------------------+------------------+----------------+--------------+
|  kria_bd_i/clk_wiz_0/inst/clk_out1 | kria_bd_i/axi_smc/inst/s00_nodes/s00_b_node/inst/inst_mi_handler/gen_normal_area.inst_fifo_node_payld/gen_reg_fifo.inst_reg_fifo/gen_single_rank.inst_cntr/wr_en0  |                                                                                                                             |                1 |              1 |         1.00 |
|  kria_bd_i/clk_wiz_0/inst/clk_out1 |                                                                                                                                                                    | kria_bd_i/axi_smc/inst/s00_nodes/s00_w_node/inst/s_sc_areset_pipe                                                           |                1 |              1 |         1.00 |
|  kria_bd_i/clk_wiz_0/inst/clk_out1 |                                                                                                                                                                    | kria_bd_i/axi_smc/inst/s00_nodes/s00_b_node/inst/s_sc_areset_pipe                                                           |                1 |              1 |         1.00 |
|  kria_bd_i/clk_wiz_0/inst/clk_out1 |                                                                                                                                                                    | kria_bd_i/axi_smc/inst/s00_nodes/s00_ar_node/inst/s_sc_areset_pipe                                                          |                1 |              1 |         1.00 |
|  kria_bd_i/clk_wiz_0/inst/clk_out1 |                                                                                                                                                                    | kria_bd_i/axi_smc/inst/s00_nodes/s00_r_node/inst/s_sc_areset_pipe                                                           |                1 |              1 |         1.00 |
|  kria_bd_i/clk_wiz_0/inst/clk_out1 |                                                                                                                                                                    | kria_bd_i/axi_smc/inst/s00_nodes/s00_aw_node/inst/s_sc_areset_pipe                                                          |                1 |              1 |         1.00 |
|  kria_bd_i/clk_wiz_0/inst/clk_out1 | kria_bd_i/axi_intc_0/U0/AXI_LITE_IPIF_I/I_SLAVE_ATTACHMENT/is_read_i_1_n_0                                                                                         | kria_bd_i/axi_intc_0/U0/AXI_LITE_IPIF_I/I_SLAVE_ATTACHMENT/rst                                                              |                1 |              2 |         2.00 |
|  kria_bd_i/clk_wiz_0/inst/clk_out1 | kria_bd_i/axi_smc/inst/s00_entry_pipeline/s00_mmu/inst/gen_endpoint.w_cnt[0]_i_1_n_0                                                                               | kria_bd_i/axi_smc/inst/s00_entry_pipeline/s00_mmu/inst/areset_d                                                             |                1 |              2 |         2.00 |
|  kria_bd_i/clk_wiz_0/inst/clk_out1 | kria_bd_i/axi_smc/inst/s00_entry_pipeline/s00_si_converter/inst/gen_axilite_conv.axilite_conv_inst/FSM_sequential_r_state[1]_i_1_n_0                               | kria_bd_i/axi_smc/inst/s00_entry_pipeline/s00_si_converter/inst/areset                                                      |                2 |              2 |         1.00 |
|  kria_bd_i/clk_wiz_0/inst/clk_out1 | kria_bd_i/axi_smc/inst/s00_entry_pipeline/s00_si_converter/inst/gen_axilite_conv.axilite_conv_inst/s_axi_bresp_i[1]_i_2_n_0                                        | kria_bd_i/axi_smc/inst/s00_entry_pipeline/s00_si_converter/inst/gen_axilite_conv.axilite_conv_inst/s_axi_bresp_i[1]_i_1_n_0 |                1 |              2 |         2.00 |
|  kria_bd_i/clk_wiz_0/inst/clk_out1 | kria_bd_i/axi_smc/inst/s00_entry_pipeline/s00_mmu/inst/ar_reg_stall/E[0]                                                                                           | kria_bd_i/axi_smc/inst/s00_entry_pipeline/s00_mmu/inst/areset                                                               |                1 |              2 |         2.00 |
|  kria_bd_i/clk_wiz_0/inst/clk_out1 | kria_bd_i/axi_smc/inst/s00_entry_pipeline/s00_si_converter/inst/gen_axilite_conv.axilite_conv_inst/s_axi_rresp_i[1]_i_1_n_0                                        | kria_bd_i/axi_smc/inst/s00_entry_pipeline/s00_si_converter/inst/areset                                                      |                1 |              2 |         2.00 |
|  kria_bd_i/clk_wiz_0/inst/clk_out1 | kria_bd_i/axi_smc/inst/s00_entry_pipeline/s00_si_converter/inst/gen_axilite_conv.axilite_conv_inst/s_r_pointer[1]_i_1_n_0                                          | kria_bd_i/axi_smc/inst/s00_entry_pipeline/s00_si_converter/inst/areset                                                      |                1 |              2 |         2.00 |
|  kria_bd_i/clk_wiz_0/inst/clk_out1 | kria_bd_i/axi_smc/inst/s00_entry_pipeline/s00_mmu/inst/aw_reg_stall/E[0]                                                                                           | kria_bd_i/axi_smc/inst/s00_entry_pipeline/s00_mmu/inst/areset                                                               |                2 |              2 |         1.00 |
|  kria_bd_i/clk_wiz_0/inst/clk_out1 | kria_bd_i/axi_smc/inst/s00_entry_pipeline/s00_si_converter/inst/gen_axilite_conv.axilite_conv_inst/w_size_mask[1]_i_1_n_0                                          |                                                                                                                             |                1 |              2 |         2.00 |
|  kria_bd_i/clk_wiz_0/inst/clk_out1 |                                                                                                                                                                    | kria_bd_i/axi_smc/inst/s00_nodes/s00_ar_node/inst/inst_mi_handler/areset_r                                                  |                1 |              2 |         2.00 |
|  kria_bd_i/clk_wiz_0/inst/clk_out1 |                                                                                                                                                                    | kria_bd_i/axi_smc/inst/s00_nodes/s00_aw_node/inst/inst_mi_handler/areset_r                                                  |                1 |              2 |         2.00 |
|  kria_bd_i/clk_wiz_0/inst/clk_out1 |                                                                                                                                                                    | kria_bd_i/axi_smc/inst/s00_nodes/s00_b_node/inst/inst_mi_handler/areset_r                                                   |                1 |              2 |         2.00 |
|  kria_bd_i/clk_wiz_0/inst/clk_out1 |                                                                                                                                                                    | kria_bd_i/axi_smc/inst/s00_nodes/s00_r_node/inst/inst_mi_handler/areset_r                                                   |                1 |              2 |         2.00 |
|  kria_bd_i/clk_wiz_0/inst/clk_out1 |                                                                                                                                                                    | kria_bd_i/axi_smc/inst/s00_nodes/s00_w_node/inst/inst_mi_handler/areset_r                                                   |                1 |              2 |         2.00 |
|  kria_bd_i/clk_wiz_0/inst/clk_out1 |                                                                                                                                                                    | kria_bd_i/axi_intc_0/U0/INTC_CORE_I/REG_GEN[0].ier[0]_i_1_n_0                                                               |                2 |              2 |         1.00 |
|  kria_bd_i/clk_wiz_0/inst/clk_out1 | kria_bd_i/axi_smc/inst/s00_entry_pipeline/s00_mmu/inst/gen_endpoint.decerr_slave_inst/FSM_onehot_gen_axi.gen_write.write_cs[2]_i_1_n_0                             | kria_bd_i/axi_smc/inst/s00_entry_pipeline/s00_mmu/inst/areset                                                               |                1 |              3 |         3.00 |
|  kria_bd_i/clk_wiz_0/inst/clk_out1 | kria_bd_i/axi_smc/inst/s00_entry_pipeline/s00_si_converter/inst/gen_axilite_conv.axilite_conv_inst/aw_incr[2]_i_1_n_0                                              | kria_bd_i/axi_smc/inst/s00_entry_pipeline/s00_si_converter/inst/areset                                                      |                1 |              3 |         3.00 |
|  kria_bd_i/clk_wiz_0/inst/clk_out1 | kria_bd_i/axi_smc/inst/s00_entry_pipeline/s00_mmu/inst/ar_reg_stall/state                                                                                          | kria_bd_i/axi_smc/inst/s00_entry_pipeline/s00_mmu/inst/areset                                                               |                1 |              3 |         3.00 |
|  kria_bd_i/clk_wiz_0/inst/clk_out1 | kria_bd_i/axi_smc/inst/s00_entry_pipeline/s00_si_converter/inst/gen_axilite_conv.axilite_conv_inst/FSM_sequential_w_state[2]_i_1_n_0                               | kria_bd_i/axi_smc/inst/s00_entry_pipeline/s00_si_converter/inst/areset                                                      |                1 |              3 |         3.00 |
|  kria_bd_i/clk_wiz_0/inst/clk_out1 | kria_bd_i/axi_smc/inst/s00_entry_pipeline/s00_mmu/inst/aw_reg_stall/state                                                                                          | kria_bd_i/axi_smc/inst/s00_entry_pipeline/s00_mmu/inst/areset                                                               |                1 |              3 |         3.00 |
|  kria_bd_i/clk_wiz_0/inst/clk_out1 |                                                                                                                                                                    | kria_bd_i/axi_intc_0/U0/INTC_CORE_I/REG_GEN[0].IAR_NORMAL_MODE_GEN.iar[0]_i_1_n_0                                           |                2 |              3 |         1.50 |
|  kria_bd_i/clk_wiz_0/inst/clk_out1 |                                                                                                                                                                    | kria_bd_i/axi_smc/inst/clk_map/psr_aclk/U0/EXT_LPF/lpf_int                                                                  |                1 |              4 |         4.00 |
|  kria_bd_i/clk_wiz_0/inst/clk_out1 |                                                                                                                                                                    | kria_bd_i/axi_smc/inst/s00_entry_pipeline/s00_transaction_regulator/inst/areset                                             |                2 |              4 |         2.00 |
|  kria_bd_i/clk_wiz_0/inst/clk_out1 |                                                                                                                                                                    | kria_bd_i/axi_smc/inst/m00_exit_pipeline/m00_exit/inst/areset                                                               |                2 |              4 |         2.00 |
|  kria_bd_i/clk_wiz_0/inst/clk_out1 |                                                                                                                                                                    | kria_bd_i/proc_sys_reset_0/U0/EXT_LPF/lpf_int                                                                               |                2 |              4 |         2.00 |
|  kria_bd_i/clk_wiz_0/inst/clk_out1 |                                                                                                                                                                    | kria_bd_i/axi_intc_0/U0/AXI_LITE_IPIF_I/I_SLAVE_ATTACHMENT/clear                                                            |                1 |              4 |         4.00 |
|  kria_bd_i/clk_wiz_0/inst/clk_out1 | kria_bd_i/axi_smc/inst/clk_map/psr_aclk/U0/SEQ/seq_cnt_en                                                                                                          | kria_bd_i/axi_smc/inst/clk_map/psr_aclk/U0/SEQ/seq_clr                                                                      |                1 |              6 |         6.00 |
|  kria_bd_i/clk_wiz_0/inst/clk_out1 | kria_bd_i/proc_sys_reset_0/U0/SEQ/seq_cnt_en                                                                                                                       | kria_bd_i/proc_sys_reset_0/U0/SEQ/seq_clr                                                                                   |                1 |              6 |         6.00 |
|  kria_bd_i/clk_wiz_0/inst/clk_out1 | kria_bd_i/axi_smc/inst/s00_nodes/s00_w_node/inst/inst_mi_handler/gen_normal_area.inst_fifo_node_payld/gen_reg_fifo.inst_reg_fifo/gen_single_rank.inst_cntr/wr_en0  |                                                                                                                             |                2 |              6 |         3.00 |
|  kria_bd_i/clk_wiz_0/inst/clk_out1 | kria_bd_i/axi_smc/inst/s00_nodes/s00_ar_node/inst/inst_mi_handler/gen_normal_area.inst_fifo_node_payld/gen_reg_fifo.inst_reg_fifo/gen_single_rank.inst_cntr/wr_en0 |                                                                                                                             |                3 |              7 |         2.33 |
|  kria_bd_i/clk_wiz_0/inst/clk_out1 | kria_bd_i/axi_intc_0/U0/AXI_LITE_IPIF_I/I_SLAVE_ATTACHMENT/bus2ip_addr_i[8]_i_1_n_0                                                                                | kria_bd_i/axi_intc_0/U0/AXI_LITE_IPIF_I/I_SLAVE_ATTACHMENT/rst                                                              |                2 |              7 |         3.50 |
|  kria_bd_i/clk_wiz_0/inst/clk_out1 | kria_bd_i/axi_smc/inst/s00_nodes/s00_aw_node/inst/inst_mi_handler/gen_normal_area.inst_fifo_node_payld/gen_reg_fifo.inst_reg_fifo/gen_single_rank.inst_cntr/wr_en0 |                                                                                                                             |                3 |              7 |         2.33 |
|  kria_bd_i/clk_wiz_0/inst/clk_out1 | kria_bd_i/axi_smc/inst/s00_entry_pipeline/s00_si_converter/inst/gen_axilite_conv.axilite_conv_inst/ar_cnt[7]_i_1_n_0                                               | kria_bd_i/axi_smc/inst/s00_entry_pipeline/s00_si_converter/inst/areset                                                      |                5 |              8 |         1.60 |
|  kria_bd_i/clk_wiz_0/inst/clk_out1 | kria_bd_i/axi_smc/inst/s00_entry_pipeline/s00_si_converter/inst/gen_axilite_conv.axilite_conv_inst/r_beats[7]_i_1_n_0                                              | kria_bd_i/axi_smc/inst/s00_entry_pipeline/s00_si_converter/inst/areset                                                      |                3 |              8 |         2.67 |
|  kria_bd_i/clk_wiz_0/inst/clk_out1 | kria_bd_i/axi_smc/inst/s00_entry_pipeline/s00_mmu/inst/gen_endpoint.decerr_slave_inst/gen_axi.gen_read.read_cnt                                                    | kria_bd_i/axi_smc/inst/s00_entry_pipeline/s00_mmu/inst/areset                                                               |                2 |              8 |         4.00 |
|  kria_bd_i/clk_wiz_0/inst/clk_out1 | kria_bd_i/axi_smc/inst/s00_entry_pipeline/s00_si_converter/inst/gen_axilite_conv.axilite_conv_inst/aw_addr[8]_i_1_n_0                                              | kria_bd_i/axi_smc/inst/s00_entry_pipeline/s00_si_converter/inst/areset                                                      |                3 |              9 |         3.00 |
|  kria_bd_i/clk_wiz_0/inst/clk_out1 | kria_bd_i/axi_smc/inst/s00_entry_pipeline/s00_si_converter/inst/gen_axilite_conv.axilite_conv_inst/b_cnt                                                           | kria_bd_i/axi_smc/inst/s00_entry_pipeline/s00_si_converter/inst/gen_axilite_conv.axilite_conv_inst/b_cnt[8]_i_1_n_0         |                2 |              9 |         4.50 |
|  kria_bd_i/clk_wiz_0/inst/clk_out1 | kria_bd_i/axi_smc/inst/s00_entry_pipeline/s00_si_converter/inst/gen_axilite_conv.axilite_conv_inst/w_cnt[8]_i_1_n_0                                                | kria_bd_i/axi_smc/inst/s00_entry_pipeline/s00_si_converter/inst/areset                                                      |                4 |              9 |         2.25 |
|  kria_bd_i/clk_wiz_0/inst/clk_out1 |                                                                                                                                                                    | kria_bd_i/axi_smc/inst/s00_entry_pipeline/s00_mmu/inst/areset                                                               |                8 |             10 |         1.25 |
|  kria_bd_i/clk_wiz_0/inst/clk_out1 |                                                                                                                                                                    | kria_bd_i/proc_sys_reset_0/U0/peripheral_aresetn[0]                                                                         |                5 |             10 |         2.00 |
|  kria_bd_i/clk_wiz_0/inst/clk_out1 |                                                                                                                                                                    | kria_bd_i/axi_intc_0/U0/AXI_LITE_IPIF_I/I_SLAVE_ATTACHMENT/rst                                                              |                3 |             11 |         3.67 |
|  kria_bd_i/clk_wiz_0/inst/clk_out1 | kria_bd_i/axi_smc/inst/s00_entry_pipeline/s00_transaction_regulator/inst/gen_endpoint.gen_r_singleorder.r_singleorder/gen_id_reg.s_rid_i0                          |                                                                                                                             |                4 |             16 |         4.00 |
|  kria_bd_i/clk_wiz_0/inst/clk_out1 | kria_bd_i/axi_smc/inst/s00_entry_pipeline/s00_mmu/inst/gen_endpoint.decerr_slave_inst/gen_axi.gen_write.s_axi_bid_i[15]_i_1_n_0                                    | kria_bd_i/axi_smc/inst/s00_entry_pipeline/s00_mmu/inst/areset                                                               |                3 |             16 |         5.33 |
|  kria_bd_i/clk_wiz_0/inst/clk_out1 | kria_bd_i/axi_smc/inst/s00_entry_pipeline/s00_mmu/inst/gen_endpoint.decerr_slave_inst/gen_axi.gen_read.s_axi_rid_i_0                                               | kria_bd_i/axi_smc/inst/s00_entry_pipeline/s00_mmu/inst/areset                                                               |                4 |             16 |         4.00 |
|  kria_bd_i/clk_wiz_0/inst/clk_out1 | kria_bd_i/axi_smc/inst/s00_entry_pipeline/s00_transaction_regulator/inst/gen_endpoint.gen_w_singleorder.w_singleorder/gen_id_reg.s_rid_i0                          |                                                                                                                             |                3 |             16 |         5.33 |
|  kria_bd_i/clk_wiz_0/inst/clk_out1 | kria_bd_i/axi_intc_0/U0/AXI_LITE_IPIF_I/I_SLAVE_ATTACHMENT/start2                                                                                                  | kria_bd_i/axi_intc_0/U0/AXI_LITE_IPIF_I/I_SLAVE_ATTACHMENT/I_DECODER/cs_ce_clr                                              |                5 |             19 |         3.80 |
|  kria_bd_i/clk_wiz_0/inst/clk_out1 |                                                                                                                                                                    | kria_bd_i/axi_smc/inst/s00_entry_pipeline/s00_si_converter/inst/areset                                                      |               10 |             19 |         1.90 |
|  kria_bd_i/clk_wiz_0/inst/clk_out1 | kria_bd_i/axi_smc/inst/s00_entry_pipeline/s00_si_converter/inst/gen_axilite_conv.axilite_conv_inst/ar_size_d[2]_i_1_n_0                                            | kria_bd_i/axi_smc/inst/s00_entry_pipeline/s00_si_converter/inst/areset                                                      |                6 |             19 |         3.17 |
|  kria_bd_i/clk_wiz_0/inst/clk_out1 |                                                                                                                                                                    | kria_bd_i/axi_smc/inst/clk_map/psr_aclk/U0/interconnect_aresetn[0]                                                          |                8 |             27 |         3.38 |
|  kria_bd_i/clk_wiz_0/inst/clk_out1 | kria_bd_i/axi_smc/inst/s00_entry_pipeline/s00_mmu/inst/aw_reg_stall/m_vector_i                                                                                     |                                                                                                                             |                4 |             28 |         7.00 |
|  kria_bd_i/clk_wiz_0/inst/clk_out1 | kria_bd_i/axi_smc/inst/s00_entry_pipeline/s00_mmu/inst/aw_reg_stall/skid_buffer                                                                                    |                                                                                                                             |                4 |             28 |         7.00 |
|  kria_bd_i/clk_wiz_0/inst/clk_out1 | kria_bd_i/axi_smc/inst/s00_entry_pipeline/s00_si_converter/inst/gen_axilite_conv.axilite_conv_inst/s_axi_rdata_i[31]_i_1_n_0                                       | kria_bd_i/axi_smc/inst/s00_entry_pipeline/s00_si_converter/inst/areset                                                      |                9 |             32 |         3.56 |
|  kria_bd_i/clk_wiz_0/inst/clk_out1 | kria_bd_i/axi_smc/inst/s00_nodes/s00_r_node/inst/inst_mi_handler/gen_normal_area.inst_fifo_node_payld/gen_reg_fifo.inst_reg_fifo/gen_single_rank.inst_cntr/wr_en0  |                                                                                                                             |               14 |             33 |         2.36 |
|  kria_bd_i/clk_wiz_0/inst/clk_out1 | kria_bd_i/axi_intc_0/U0/AXI_LITE_IPIF_I/I_SLAVE_ATTACHMENT/s_axi_rresp_i                                                                                           | kria_bd_i/axi_intc_0/U0/AXI_LITE_IPIF_I/I_SLAVE_ATTACHMENT/rst                                                              |               10 |             33 |         3.30 |
|  kria_bd_i/clk_wiz_0/inst/clk_out1 | kria_bd_i/axi_smc/inst/s00_entry_pipeline/s00_mmu/inst/ar_reg_stall/m_vector_i                                                                                     |                                                                                                                             |                6 |             36 |         6.00 |
|  kria_bd_i/clk_wiz_0/inst/clk_out1 | kria_bd_i/axi_smc/inst/s00_entry_pipeline/s00_mmu/inst/ar_reg_stall/skid_buffer                                                                                    |                                                                                                                             |                6 |             36 |         6.00 |
|  kria_bd_i/clk_wiz_0/inst/clk_out1 |                                                                                                                                                                    |                                                                                                                             |               33 |             96 |         2.91 |
+------------------------------------+--------------------------------------------------------------------------------------------------------------------------------------------------------------------+-----------------------------------------------------------------------------------------------------------------------------+------------------+----------------+--------------+


