Copyright 1986-2022 Xilinx, Inc. All Rights Reserved. Copyright 2022-2024 Advanced Micro Devices, Inc. All Rights Reserved.
-----------------------------------------------------------------------------------------------------------------------------------------------------------------------------------
| Tool Version : Vivado v.2024.2 (lin64) Build 5239630 Fri Nov 08 22:34:34 MST 2024
| Date         : Sat Jan  3 19:42:57 2026
| Host         : randy-HP-Laptop-17t-cn300 running 64-bit Ubuntu 22.04.5 LTS
| Command      : report_methodology -file kria_bd_wrapper_methodology_drc_routed.rpt -pb kria_bd_wrapper_methodology_drc_routed.pb -rpx kria_bd_wrapper_methodology_drc_routed.rpx
| Design       : kria_bd_wrapper
| Device       : xck26-sfvc784-2LV-c
| Speed File   : -2LV
| Design State : Fully Routed
-----------------------------------------------------------------------------------------------------------------------------------------------------------------------------------

Report Methodology

Table of Contents
-----------------
1. REPORT SUMMARY
2. REPORT DETAILS

1. REPORT SUMMARY
-----------------
            Netlist: netlist
          Floorplan: design_1
      Design limits: <entire design considered>
             Max checks: <unlimited>
             Checks found: 4
+----------+------------------+----------------------------------------------------+--------+
| Rule     | Severity         | Description                                        | Checks |
+----------+------------------+----------------------------------------------------+--------+
| TIMING-2 | Critical Warning | Invalid primary clock source pin                   | 1      |
| TIMING-4 | Critical Warning | Invalid primary clock redefinition on a clock tree | 1      |
| CLKC-40  | Advisory         | Substitute PLLE4 for MMCME4 check                  | 1      |
| CLKC-56  | Advisory         | MMCME4 with global clock driver has no LOC         | 1      |
+----------+------------------+----------------------------------------------------+--------+

2. REPORT DETAILS
-----------------
TIMING-2#1 Critical Warning
Invalid primary clock source pin  
A primary clock kria_bd_i/clk_wiz_0/inst/clk_in1 is created on an inappropriate pin kria_bd_i/clk_wiz_0/inst/clk_in1. It is recommended to create a primary clock only on a proper clock source (input port or primitive output pin with no timing arc)
Related violations: <none>

TIMING-4#1 Critical Warning
Invalid primary clock redefinition on a clock tree  
Invalid clock redefinition on a clock tree. The primary clock kria_bd_i/clk_wiz_0/inst/clk_in1 is defined downstream of clock clk_pl_0 and overrides its insertion delay and/or waveform definition
Related violations: <none>

CLKC-40#1 Advisory
Substitute PLLE4 for MMCME4 check  
The MMCME4 cell kria_bd_i/clk_wiz_0/inst/mmcme4_adv_inst has a single input clock whose source driver, UNKNOWN, is not optimally located and the MMCM has a configuration which could be accommodated by a PLL.  Consider changing the MMCM to a PLL which could align better with the input clock driver.
Related violations: <none>

CLKC-56#1 Advisory
MMCME4 with global clock driver has no LOC  
The MMCME4_ADV cell kria_bd_i/clk_wiz_0/inst/mmcme4_adv_inst CLKIN1 or CLKIN2 pin is driven by global Clock buffer(s) kria_bd_i/zynq_ultra_ps_e_0/U0/buffer_pl_clk_0.PL_CLK_0_BUFG and does not have a LOC constraint. It is recommended to LOC the MMCM and use the CLOCK_DEDICATED_ROUTE constraint on the net(s) driven by the global Clock buffer(s).
Related violations: <none>


