
*** Running vivado
    with args -log kria_bd_wrapper.vdi -applog -m64 -product Vivado -messageDb vivado.pb -mode batch -source kria_bd_wrapper.tcl -notrace


****** Vivado v2024.2 (64-bit)
  **** SW Build 5239630 on Fri Nov 08 22:34:34 MST 2024
  **** IP Build 5239520 on Sun Nov 10 16:12:51 MST 2024
  **** SharedData Build 5239561 on Fri Nov 08 14:39:27 MST 2024
  **** Start of session at: Sat Jan  3 19:41:46 2026
    ** Copyright 1986-2022 Xilinx, Inc. All Rights Reserved.
    ** Copyright 2022-2024 Advanced Micro Devices, Inc. All Rights Reserved.

source kria_bd_wrapper.tcl -notrace
INFO: [IP_Flow 19-234] Refreshing IP repositories
INFO: [IP_Flow 19-1704] No user IP repositories specified
INFO: [IP_Flow 19-2313] Loaded Vivado IP repository '/opt/Xilinx/Vivado/2024.2/data/ip'.
Command: link_design -top kria_bd_wrapper -part xck26-sfvc784-2LV-c
Design is defaulting to srcset: sources_1
Design is defaulting to constrset: constrs_1
INFO: [Device 21-403] Loading part xck26-sfvc784-2LV-c
Netlist sorting complete. Time (s): cpu = 00:00:00.04 ; elapsed = 00:00:00.04 . Memory (MB): peak = 2444.840 ; gain = 0.000 ; free physical = 22941 ; free virtual = 50437
INFO: [Netlist 29-17] Analyzing 1 Unisim elements for replacement
INFO: [Netlist 29-28] Unisim Transformation completed in 0 CPU seconds
INFO: [Project 1-479] Netlist was created with Vivado 2024.2
INFO: [Project 1-570] Preparing netlist for logic optimization
Parsing XDC File [/home/randy/projects/Kria_KR260/Kria_KR260.gen/sources_1/bd/kria_bd/ip/kria_bd_zynq_ultra_ps_e_0_3/kria_bd_zynq_ultra_ps_e_0_3.xdc] for cell 'kria_bd_i/zynq_ultra_ps_e_0/U0'
Finished Parsing XDC File [/home/randy/projects/Kria_KR260/Kria_KR260.gen/sources_1/bd/kria_bd/ip/kria_bd_zynq_ultra_ps_e_0_3/kria_bd_zynq_ultra_ps_e_0_3.xdc] for cell 'kria_bd_i/zynq_ultra_ps_e_0/U0'
Parsing XDC File [/home/randy/projects/Kria_KR260/Kria_KR260.gen/sources_1/bd/kria_bd/ip/kria_bd_axi_intc_0_4/kria_bd_axi_intc_0_4.xdc] for cell 'kria_bd_i/axi_intc_0/U0'
Finished Parsing XDC File [/home/randy/projects/Kria_KR260/Kria_KR260.gen/sources_1/bd/kria_bd/ip/kria_bd_axi_intc_0_4/kria_bd_axi_intc_0_4.xdc] for cell 'kria_bd_i/axi_intc_0/U0'
Parsing XDC File [/home/randy/projects/Kria_KR260/Kria_KR260.gen/sources_1/bd/kria_bd/ip/kria_bd_clk_wiz_0_5/kria_bd_clk_wiz_0_5_board.xdc] for cell 'kria_bd_i/clk_wiz_0/inst'
Finished Parsing XDC File [/home/randy/projects/Kria_KR260/Kria_KR260.gen/sources_1/bd/kria_bd/ip/kria_bd_clk_wiz_0_5/kria_bd_clk_wiz_0_5_board.xdc] for cell 'kria_bd_i/clk_wiz_0/inst'
Parsing XDC File [/home/randy/projects/Kria_KR260/Kria_KR260.gen/sources_1/bd/kria_bd/ip/kria_bd_clk_wiz_0_5/kria_bd_clk_wiz_0_5.xdc] for cell 'kria_bd_i/clk_wiz_0/inst'
INFO: [Timing 38-35] Done setting XDC timing constraints. [/home/randy/projects/Kria_KR260/Kria_KR260.gen/sources_1/bd/kria_bd/ip/kria_bd_clk_wiz_0_5/kria_bd_clk_wiz_0_5.xdc:54]
INFO: [Timing 38-2] Deriving generated clocks [/home/randy/projects/Kria_KR260/Kria_KR260.gen/sources_1/bd/kria_bd/ip/kria_bd_clk_wiz_0_5/kria_bd_clk_wiz_0_5.xdc:54]
get_clocks: Time (s): cpu = 00:00:07 ; elapsed = 00:00:07 . Memory (MB): peak = 3196.270 ; gain = 695.402 ; free physical = 22430 ; free virtual = 49922
Finished Parsing XDC File [/home/randy/projects/Kria_KR260/Kria_KR260.gen/sources_1/bd/kria_bd/ip/kria_bd_clk_wiz_0_5/kria_bd_clk_wiz_0_5.xdc] for cell 'kria_bd_i/clk_wiz_0/inst'
Parsing XDC File [/home/randy/projects/Kria_KR260/Kria_KR260.gen/sources_1/bd/kria_bd/ip/kria_bd_proc_sys_reset_0_6/kria_bd_proc_sys_reset_0_6_board.xdc] for cell 'kria_bd_i/proc_sys_reset_0/U0'
Finished Parsing XDC File [/home/randy/projects/Kria_KR260/Kria_KR260.gen/sources_1/bd/kria_bd/ip/kria_bd_proc_sys_reset_0_6/kria_bd_proc_sys_reset_0_6_board.xdc] for cell 'kria_bd_i/proc_sys_reset_0/U0'
Parsing XDC File [/home/randy/projects/Kria_KR260/Kria_KR260.gen/sources_1/bd/kria_bd/ip/kria_bd_proc_sys_reset_0_6/kria_bd_proc_sys_reset_0_6.xdc] for cell 'kria_bd_i/proc_sys_reset_0/U0'
Finished Parsing XDC File [/home/randy/projects/Kria_KR260/Kria_KR260.gen/sources_1/bd/kria_bd/ip/kria_bd_proc_sys_reset_0_6/kria_bd_proc_sys_reset_0_6.xdc] for cell 'kria_bd_i/proc_sys_reset_0/U0'
Parsing XDC File [/home/randy/projects/Kria_KR260/Kria_KR260.gen/sources_1/bd/kria_bd/ip/kria_bd_axi_smc_7/bd_0/ip/ip_1/bd_9880_psr_aclk_0_board.xdc] for cell 'kria_bd_i/axi_smc/inst/clk_map/psr_aclk/U0'
Finished Parsing XDC File [/home/randy/projects/Kria_KR260/Kria_KR260.gen/sources_1/bd/kria_bd/ip/kria_bd_axi_smc_7/bd_0/ip/ip_1/bd_9880_psr_aclk_0_board.xdc] for cell 'kria_bd_i/axi_smc/inst/clk_map/psr_aclk/U0'
Parsing XDC File [/home/randy/projects/Kria_KR260/Kria_KR260.gen/sources_1/bd/kria_bd/ip/kria_bd_axi_smc_7/bd_0/ip/ip_1/bd_9880_psr_aclk_0.xdc] for cell 'kria_bd_i/axi_smc/inst/clk_map/psr_aclk/U0'
Finished Parsing XDC File [/home/randy/projects/Kria_KR260/Kria_KR260.gen/sources_1/bd/kria_bd/ip/kria_bd_axi_smc_7/bd_0/ip/ip_1/bd_9880_psr_aclk_0.xdc] for cell 'kria_bd_i/axi_smc/inst/clk_map/psr_aclk/U0'
Parsing XDC File [/home/randy/projects/Kria_KR260/Kria_KR260.gen/sources_1/bd/kria_bd/ip/kria_bd_axi_smc_7/smartconnect.xdc] for cell 'kria_bd_i/axi_smc/inst'
Finished Parsing XDC File [/home/randy/projects/Kria_KR260/Kria_KR260.gen/sources_1/bd/kria_bd/ip/kria_bd_axi_smc_7/smartconnect.xdc] for cell 'kria_bd_i/axi_smc/inst'
CRITICAL WARNING: [Designutils 20-1280] Could not find module 'kria_bd_proc_sys_reset_1_1'. The XDC file /home/randy/projects/Kria_KR260/Kria_KR260.gen/sources_1/bd/kria_bd/ip/kria_bd_proc_sys_reset_1_1/kria_bd_proc_sys_reset_1_1_board.xdc will not be read for any cell of this module.
CRITICAL WARNING: [Designutils 20-1280] Could not find module 'kria_bd_proc_sys_reset_1_1'. The XDC file /home/randy/projects/Kria_KR260/Kria_KR260.gen/sources_1/bd/kria_bd/ip/kria_bd_proc_sys_reset_1_1/kria_bd_proc_sys_reset_1_1.xdc will not be read for any cell of this module.
Parsing XDC File [/home/randy/projects/Kria_KR260/Kria_KR260.gen/sources_1/bd/kria_bd/ip/kria_bd_axi_intc_0_4/kria_bd_axi_intc_0_4_clocks.xdc] for cell 'kria_bd_i/axi_intc_0/U0'
Finished Parsing XDC File [/home/randy/projects/Kria_KR260/Kria_KR260.gen/sources_1/bd/kria_bd/ip/kria_bd_axi_intc_0_4/kria_bd_axi_intc_0_4_clocks.xdc] for cell 'kria_bd_i/axi_intc_0/U0'
INFO: [Project 1-1714] 14 XPM XDC files have been applied to the design.
INFO: [Opt 31-138] Pushed 0 inverter(s) to 0 load pin(s).
Netlist sorting complete. Time (s): cpu = 00:00:00 ; elapsed = 00:00:00 . Memory (MB): peak = 3196.270 ; gain = 0.000 ; free physical = 22430 ; free virtual = 49923
INFO: [Project 1-111] Unisim Transformation Summary:
No Unisim elements were transformed.

13 Infos, 0 Warnings, 2 Critical Warnings and 0 Errors encountered.
link_design completed successfully
link_design: Time (s): cpu = 00:00:14 ; elapsed = 00:00:14 . Memory (MB): peak = 3196.270 ; gain = 1713.539 ; free physical = 22430 ; free virtual = 49923
Command: opt_design
Attempting to get a license for feature 'Implementation' and/or device 'xck26'
INFO: [Common 17-349] Got license for feature 'Implementation' and/or device 'xck26'
Running DRC as a precondition to command opt_design

Starting DRC Task
INFO: [DRC 23-27] Running DRC with 8 threads
INFO: [Project 1-461] DRC finished with 0 Errors
INFO: [Project 1-462] Please refer to the DRC report (report_drc) for more information.

Time (s): cpu = 00:00:02 ; elapsed = 00:00:00.54 . Memory (MB): peak = 3308.543 ; gain = 112.273 ; free physical = 22373 ; free virtual = 49863

Starting Cache Timing Information Task
INFO: [Timing 38-35] Done setting XDC timing constraints.
Ending Cache Timing Information Task | Checksum: 1e7a4a397

Time (s): cpu = 00:00:00.12 ; elapsed = 00:00:00.09 . Memory (MB): peak = 3308.543 ; gain = 0.000 ; free physical = 22373 ; free virtual = 49863

Starting Logic Optimization Task

Phase 1 Initialization

Phase 1.1 Core Generation And Design Setup
Phase 1.1 Core Generation And Design Setup | Checksum: 1e7a4a397

Time (s): cpu = 00:00:00 ; elapsed = 00:00:00 . Memory (MB): peak = 3558.441 ; gain = 0.000 ; free physical = 22097 ; free virtual = 49587

Phase 1.2 Setup Constraints And Sort Netlist
Phase 1.2 Setup Constraints And Sort Netlist | Checksum: 1e7a4a397

Time (s): cpu = 00:00:00 ; elapsed = 00:00:00 . Memory (MB): peak = 3558.441 ; gain = 0.000 ; free physical = 22097 ; free virtual = 49587
Phase 1 Initialization | Checksum: 1e7a4a397

Time (s): cpu = 00:00:00 ; elapsed = 00:00:00 . Memory (MB): peak = 3558.441 ; gain = 0.000 ; free physical = 22097 ; free virtual = 49587

Phase 2 Timer Update And Timing Data Collection

Phase 2.1 Timer Update
Phase 2.1 Timer Update | Checksum: 1e7a4a397

Time (s): cpu = 00:00:00.08 ; elapsed = 00:00:00.02 . Memory (MB): peak = 3558.441 ; gain = 0.000 ; free physical = 22097 ; free virtual = 49587

Phase 2.2 Timing Data Collection
Phase 2.2 Timing Data Collection | Checksum: 1e7a4a397

Time (s): cpu = 00:00:00.09 ; elapsed = 00:00:00.03 . Memory (MB): peak = 3558.441 ; gain = 0.000 ; free physical = 22097 ; free virtual = 49587
Phase 2 Timer Update And Timing Data Collection | Checksum: 1e7a4a397

Time (s): cpu = 00:00:00.09 ; elapsed = 00:00:00.03 . Memory (MB): peak = 3558.441 ; gain = 0.000 ; free physical = 22097 ; free virtual = 49587

Phase 3 Retarget
INFO: [Opt 31-1851] Number of loadless carry chains removed were: 0
INFO: [Opt 31-1834] Total Chains To Be Transformed Were: 0 AND Number of Transformed insts Created are: 0
INFO: [Opt 31-138] Pushed 28 inverter(s) to 107 load pin(s).
INFO: [Opt 31-49] Retargeted 0 cell(s).
Phase 3 Retarget | Checksum: 1af6fca36

Time (s): cpu = 00:00:00.23 ; elapsed = 00:00:00.09 . Memory (MB): peak = 3558.441 ; gain = 0.000 ; free physical = 22097 ; free virtual = 49587
Retarget | Checksum: 1af6fca36
INFO: [Opt 31-389] Phase Retarget created 106 cells and removed 399 cells
INFO: [Opt 31-1021] In phase Retarget, 20 netlist objects are constrained preventing optimization. Please run opt_design with -debug_log to get more detail. 

Phase 4 Constant propagation
INFO: [Opt 31-138] Pushed 0 inverter(s) to 0 load pin(s).
Phase 4 Constant propagation | Checksum: 18001ee28

Time (s): cpu = 00:00:00.25 ; elapsed = 00:00:00.1 . Memory (MB): peak = 3558.441 ; gain = 0.000 ; free physical = 22097 ; free virtual = 49587
Constant propagation | Checksum: 18001ee28
INFO: [Opt 31-389] Phase Constant propagation created 21 cells and removed 44 cells
INFO: [Opt 31-1021] In phase Constant propagation, 20 netlist objects are constrained preventing optimization. Please run opt_design with -debug_log to get more detail. 

Phase 5 Sweep
INFO: [Constraints 18-11670] Building netlist checker database with flags, 0x8
Done building netlist checker database: Time (s): cpu = 00:00:00 ; elapsed = 00:00:00 . Memory (MB): peak = 3558.441 ; gain = 0.000 ; free physical = 22088 ; free virtual = 49578
INFO: [Constraints 18-11670] Building netlist checker database with flags, 0x8
Done building netlist checker database: Time (s): cpu = 00:00:00 ; elapsed = 00:00:00 . Memory (MB): peak = 3558.441 ; gain = 0.000 ; free physical = 22088 ; free virtual = 49578
Phase 5 Sweep | Checksum: 1da5750f9

Time (s): cpu = 00:00:00.35 ; elapsed = 00:00:00.21 . Memory (MB): peak = 3558.441 ; gain = 0.000 ; free physical = 22088 ; free virtual = 49578
Sweep | Checksum: 1da5750f9
INFO: [Opt 31-389] Phase Sweep created 0 cells and removed 35 cells
INFO: [Opt 31-1021] In phase Sweep, 26 netlist objects are constrained preventing optimization. Please run opt_design with -debug_log to get more detail. 

Phase 6 BUFG optimization
INFO: [Opt 31-1077] Phase BUFG optimization inserted 0 global clock buffer(s) for CLOCK_LOW_FANOUT.
Phase 6 BUFG optimization | Checksum: 1da5750f9

Time (s): cpu = 00:00:00.38 ; elapsed = 00:00:00.23 . Memory (MB): peak = 3590.457 ; gain = 32.016 ; free physical = 22088 ; free virtual = 49578
BUFG optimization | Checksum: 1da5750f9
INFO: [Opt 31-662] Phase BUFG optimization created 0 cells of which 0 are BUFGs and removed 0 cells.

Phase 7 Shift Register Optimization
INFO: [Opt 31-1064] SRL Remap converted 0 SRLs to 0 registers and converted 0 registers of register chains to 0 SRLs
Phase 7 Shift Register Optimization | Checksum: 1da5750f9

Time (s): cpu = 00:00:00.38 ; elapsed = 00:00:00.23 . Memory (MB): peak = 3590.457 ; gain = 32.016 ; free physical = 22088 ; free virtual = 49578
Shift Register Optimization | Checksum: 1da5750f9
INFO: [Opt 31-389] Phase Shift Register Optimization created 0 cells and removed 0 cells

Phase 8 Post Processing Netlist
Phase 8 Post Processing Netlist | Checksum: 1da5750f9

Time (s): cpu = 00:00:00.39 ; elapsed = 00:00:00.24 . Memory (MB): peak = 3590.457 ; gain = 32.016 ; free physical = 22088 ; free virtual = 49578
Post Processing Netlist | Checksum: 1da5750f9
INFO: [Opt 31-389] Phase Post Processing Netlist created 0 cells and removed 0 cells
INFO: [Opt 31-1021] In phase Post Processing Netlist, 20 netlist objects are constrained preventing optimization. Please run opt_design with -debug_log to get more detail. 

Phase 9 Finalization

Phase 9.1 Finalizing Design Cores and Updating Shapes
Phase 9.1 Finalizing Design Cores and Updating Shapes | Checksum: 19aee6199

Time (s): cpu = 00:00:00.43 ; elapsed = 00:00:00.26 . Memory (MB): peak = 3590.457 ; gain = 32.016 ; free physical = 22088 ; free virtual = 49578

Phase 9.2 Verifying Netlist Connectivity

Starting Connectivity Check Task

Time (s): cpu = 00:00:00.02 ; elapsed = 00:00:00 . Memory (MB): peak = 3590.457 ; gain = 0.000 ; free physical = 22088 ; free virtual = 49578
Phase 9.2 Verifying Netlist Connectivity | Checksum: 19aee6199

Time (s): cpu = 00:00:00.46 ; elapsed = 00:00:00.26 . Memory (MB): peak = 3590.457 ; gain = 32.016 ; free physical = 22088 ; free virtual = 49578
Phase 9 Finalization | Checksum: 19aee6199

Time (s): cpu = 00:00:00.47 ; elapsed = 00:00:00.26 . Memory (MB): peak = 3590.457 ; gain = 32.016 ; free physical = 22088 ; free virtual = 49578
Opt_design Change Summary
=========================


-------------------------------------------------------------------------------------------------------------------------
|  Phase                        |  #Cells created  |  #Cells Removed  |  #Constrained objects preventing optimizations  |
-------------------------------------------------------------------------------------------------------------------------
|  Retarget                     |             106  |             399  |                                             20  |
|  Constant propagation         |              21  |              44  |                                             20  |
|  Sweep                        |               0  |              35  |                                             26  |
|  BUFG optimization            |               0  |               0  |                                              0  |
|  Shift Register Optimization  |               0  |               0  |                                              0  |
|  Post Processing Netlist      |               0  |               0  |                                             20  |
-------------------------------------------------------------------------------------------------------------------------


Ending Logic Optimization Task | Checksum: 19aee6199

Time (s): cpu = 00:00:00.47 ; elapsed = 00:00:00.26 . Memory (MB): peak = 3590.457 ; gain = 32.016 ; free physical = 22088 ; free virtual = 49578

Starting Power Optimization Task
INFO: [Pwropt 34-132] Skipping clock gating for clocks with a period < 2.00 ns.
Ending Power Optimization Task | Checksum: 19aee6199

Time (s): cpu = 00:00:00.02 ; elapsed = 00:00:00 . Memory (MB): peak = 3590.457 ; gain = 0.000 ; free physical = 22088 ; free virtual = 49579

Starting Final Cleanup Task
Ending Final Cleanup Task | Checksum: 19aee6199

Time (s): cpu = 00:00:00 ; elapsed = 00:00:00 . Memory (MB): peak = 3590.457 ; gain = 0.000 ; free physical = 22088 ; free virtual = 49579

Starting Netlist Obfuscation Task
Netlist sorting complete. Time (s): cpu = 00:00:00 ; elapsed = 00:00:00 . Memory (MB): peak = 3590.457 ; gain = 0.000 ; free physical = 22088 ; free virtual = 49579
Ending Netlist Obfuscation Task | Checksum: 19aee6199

Time (s): cpu = 00:00:00 ; elapsed = 00:00:00.01 . Memory (MB): peak = 3590.457 ; gain = 0.000 ; free physical = 22088 ; free virtual = 49579
INFO: [Common 17-83] Releasing license: Implementation
39 Infos, 0 Warnings, 2 Critical Warnings and 0 Errors encountered.
opt_design completed successfully
INFO: [Vivado 12-24828] Executing command : report_drc -file kria_bd_wrapper_drc_opted.rpt -pb kria_bd_wrapper_drc_opted.pb -rpx kria_bd_wrapper_drc_opted.rpx
Command: report_drc -file kria_bd_wrapper_drc_opted.rpt -pb kria_bd_wrapper_drc_opted.pb -rpx kria_bd_wrapper_drc_opted.rpx
INFO: [IP_Flow 19-1839] IP Catalog is up to date.
INFO: [Timing 38-35] Done setting XDC timing constraints.
INFO: [DRC 23-27] Running DRC with 8 threads
INFO: [Vivado_Tcl 2-168] The results of DRC are in file /home/randy/projects/Kria_KR260/Kria_KR260.runs/impl_1/kria_bd_wrapper_drc_opted.rpt.
report_drc completed successfully
report_drc: Time (s): cpu = 00:00:13 ; elapsed = 00:00:10 . Memory (MB): peak = 4395.480 ; gain = 805.023 ; free physical = 21212 ; free virtual = 48832
generate_parallel_reports: Time (s): cpu = 00:00:13 ; elapsed = 00:00:10 . Memory (MB): peak = 4395.480 ; gain = 805.023 ; free physical = 21212 ; free virtual = 48832
INFO: [Timing 38-480] Writing timing data to binary archive.
Write ShapeDB Complete: Time (s): cpu = 00:00:00 ; elapsed = 00:00:00 . Memory (MB): peak = 4395.480 ; gain = 0.000 ; free physical = 21212 ; free virtual = 48832
INFO: [Common 17-1381] The checkpoint '/home/randy/projects/Kria_KR260/Kria_KR260.runs/impl_1/kria_bd_wrapper_opt.dcp' has been generated.
Command: place_design
Attempting to get a license for feature 'Implementation' and/or device 'xck26'
INFO: [Common 17-349] Got license for feature 'Implementation' and/or device 'xck26'
INFO: [Common 17-83] Releasing license: Implementation
INFO: [DRC 23-27] Running DRC with 8 threads
INFO: [Vivado_Tcl 4-198] DRC finished with 0 Errors
INFO: [Vivado_Tcl 4-199] Please refer to the DRC report (report_drc) for more information.
Running DRC as a precondition to command place_design
INFO: [DRC 23-27] Running DRC with 8 threads
INFO: [Vivado_Tcl 4-198] DRC finished with 0 Errors
INFO: [Vivado_Tcl 4-199] Please refer to the DRC report (report_drc) for more information.
INFO: [Place 30-611] Multithreading enabled for place_design using a maximum of 8 CPUs

Starting Placer Task

Phase 1 Placer Initialization

Phase 1.1 Placer Initialization Netlist Sorting
Netlist sorting complete. Time (s): cpu = 00:00:00 ; elapsed = 00:00:00 . Memory (MB): peak = 4395.480 ; gain = 0.000 ; free physical = 21227 ; free virtual = 48850
Phase 1.1 Placer Initialization Netlist Sorting | Checksum: 141747950

Time (s): cpu = 00:00:00 ; elapsed = 00:00:00 . Memory (MB): peak = 4395.480 ; gain = 0.000 ; free physical = 21227 ; free virtual = 48850
Netlist sorting complete. Time (s): cpu = 00:00:00 ; elapsed = 00:00:00 . Memory (MB): peak = 4395.480 ; gain = 0.000 ; free physical = 21227 ; free virtual = 48850

Phase 1.2 IO Placement/ Clock Placement/ Build Placer Device
Phase 1.2 IO Placement/ Clock Placement/ Build Placer Device | Checksum: 1d51eeabd

Time (s): cpu = 00:00:00.67 ; elapsed = 00:00:00.26 . Memory (MB): peak = 4395.480 ; gain = 0.000 ; free physical = 21227 ; free virtual = 48854

Phase 1.3 Build Placer Netlist Model
Phase 1.3 Build Placer Netlist Model | Checksum: 2c47f7831

Time (s): cpu = 00:00:02 ; elapsed = 00:00:00.67 . Memory (MB): peak = 4434.523 ; gain = 39.043 ; free physical = 21216 ; free virtual = 48844

Phase 1.4 Constrain Clocks/Macros
Phase 1.4 Constrain Clocks/Macros | Checksum: 2c47f7831

Time (s): cpu = 00:00:02 ; elapsed = 00:00:00.67 . Memory (MB): peak = 4434.523 ; gain = 39.043 ; free physical = 21216 ; free virtual = 48843
Phase 1 Placer Initialization | Checksum: 2c47f7831

Time (s): cpu = 00:00:02 ; elapsed = 00:00:00.69 . Memory (MB): peak = 4434.523 ; gain = 39.043 ; free physical = 21232 ; free virtual = 48859

Phase 2 Global Placement

Phase 2.1 Floorplanning

Phase 2.1.1 Partition Driven Placement

Phase 2.1.1.1 PBP: Partition Driven Placement
Phase 2.1.1.1 PBP: Partition Driven Placement | Checksum: 26ada0abc

Time (s): cpu = 00:00:02 ; elapsed = 00:00:00.89 . Memory (MB): peak = 4434.523 ; gain = 39.043 ; free physical = 21282 ; free virtual = 48909

Phase 2.1.1.2 PBP: Clock Region Placement
INFO: [Place 30-3162] Check ILP status : ILP-based clock placer completed successfully.
Phase 2.1.1.2 PBP: Clock Region Placement | Checksum: 26ada0abc

Time (s): cpu = 00:00:02 ; elapsed = 00:00:01 . Memory (MB): peak = 4434.523 ; gain = 39.043 ; free physical = 21280 ; free virtual = 48908

Phase 2.1.1.3 PBP: Compute Congestion
Phase 2.1.1.3 PBP: Compute Congestion | Checksum: 26ada0abc

Time (s): cpu = 00:00:13 ; elapsed = 00:00:04 . Memory (MB): peak = 4627.508 ; gain = 232.027 ; free physical = 20488 ; free virtual = 48543

Phase 2.1.1.4 PBP: UpdateTiming
Phase 2.1.1.4 PBP: UpdateTiming | Checksum: 20f42d644

Time (s): cpu = 00:00:13 ; elapsed = 00:00:04 . Memory (MB): peak = 4659.523 ; gain = 264.043 ; free physical = 20488 ; free virtual = 48543

Phase 2.1.1.5 PBP: Add part constraints
Phase 2.1.1.5 PBP: Add part constraints | Checksum: 20f42d644

Time (s): cpu = 00:00:13 ; elapsed = 00:00:04 . Memory (MB): peak = 4659.523 ; gain = 264.043 ; free physical = 20488 ; free virtual = 48543
Phase 2.1.1 Partition Driven Placement | Checksum: 20f42d644

Time (s): cpu = 00:00:13 ; elapsed = 00:00:04 . Memory (MB): peak = 4659.523 ; gain = 264.043 ; free physical = 20488 ; free virtual = 48543
Phase 2.1 Floorplanning | Checksum: 2606f218f

Time (s): cpu = 00:00:13 ; elapsed = 00:00:04 . Memory (MB): peak = 4659.523 ; gain = 264.043 ; free physical = 20487 ; free virtual = 48542

Phase 2.2 Update Timing before SLR Path Opt
Phase 2.2 Update Timing before SLR Path Opt | Checksum: 2606f218f

Time (s): cpu = 00:00:13 ; elapsed = 00:00:04 . Memory (MB): peak = 4659.523 ; gain = 264.043 ; free physical = 20487 ; free virtual = 48542

Phase 2.3 Post-Processing in Floorplanning
Phase 2.3 Post-Processing in Floorplanning | Checksum: 2606f218f

Time (s): cpu = 00:00:13 ; elapsed = 00:00:04 . Memory (MB): peak = 4659.523 ; gain = 264.043 ; free physical = 20487 ; free virtual = 48542

Phase 2.4 Global Place Phase1
Phase 2.4 Global Place Phase1 | Checksum: 2cc061498

Time (s): cpu = 00:00:27 ; elapsed = 00:00:08 . Memory (MB): peak = 4692.520 ; gain = 297.039 ; free physical = 20493 ; free virtual = 48542

Phase 2.5 Global Place Phase2

Phase 2.5.1 UpdateTiming Before Physical Synthesis
Phase 2.5.1 UpdateTiming Before Physical Synthesis | Checksum: 2cc061498

Time (s): cpu = 00:00:27 ; elapsed = 00:00:08 . Memory (MB): peak = 4700.523 ; gain = 305.043 ; free physical = 20493 ; free virtual = 48542

Phase 2.5.2 Physical Synthesis In Placer
INFO: [Physopt 32-1035] Found 0 LUTNM shape to break, 76 LUT instances to create LUTNM shape
INFO: [Physopt 32-1044] Break lutnm for timing: one critical 0, two critical 0, total 0, new lutff created 0
INFO: [Physopt 32-1138] End 1 Pass. Optimized 25 nets or LUTs. Breaked 0 LUT, combined 25 existing LUTs and moved 0 existing LUT
INFO: [Physopt 32-69] No nets found for rewiring optimization.
INFO: [Physopt 32-661] Optimized 0 net.  Re-placed 0 instance.
INFO: [Physopt 32-775] End 1 Pass. Optimized 0 net or cell. Created 0 new cell, deleted 0 existing cell and moved 0 existing cell
INFO: [Physopt 32-65] No nets found for high-fanout optimization.
INFO: [Physopt 32-232] Optimized 0 net. Created 0 new instance.
INFO: [Physopt 32-775] End 1 Pass. Optimized 0 net or cell. Created 0 new cell, deleted 0 existing cell and moved 0 existing cell
INFO: [Physopt 32-670] No setup violation found.  DSP Register Optimization was not performed.
INFO: [Physopt 32-670] No setup violation found.  Shift Register to Pipeline Optimization was not performed.
INFO: [Physopt 32-670] No setup violation found.  Shift Register Optimization was not performed.
INFO: [Physopt 32-670] No setup violation found.  BRAM Register Optimization was not performed.
INFO: [Physopt 32-670] No setup violation found.  URAM Register Optimization was not performed.
INFO: [Physopt 32-949] No candidate nets found for dynamic/static region interface net replication
INFO: [Physopt 32-775] End 1 Pass. Optimized 0 net or cell. Created 0 new cell, deleted 0 existing cell and moved 0 existing cell
Netlist sorting complete. Time (s): cpu = 00:00:00 ; elapsed = 00:00:00 . Memory (MB): peak = 4700.523 ; gain = 0.000 ; free physical = 20499 ; free virtual = 48550

Summary of Physical Synthesis Optimizations
============================================


-----------------------------------------------------------------------------------------------------------------------------------------------------------
|  Optimization                                     |  Added Cells  |  Removed Cells  |  Optimized Cells/Nets  |  Dont Touch  |  Iterations  |  Elapsed   |
-----------------------------------------------------------------------------------------------------------------------------------------------------------
|  LUT Combining                                    |            0  |             25  |                    25  |           0  |           1  |  00:00:00  |
|  Retime                                           |            0  |              0  |                     0  |           0  |           1  |  00:00:00  |
|  Equivalent Driver Rewiring                       |            0  |              0  |                     0  |           0  |           1  |  00:00:00  |
|  Very High Fanout                                 |            0  |              0  |                     0  |           0  |           1  |  00:00:00  |
|  DSP Register                                     |            0  |              0  |                     0  |           0  |           0  |  00:00:00  |
|  Shift Register to Pipeline                       |            0  |              0  |                     0  |           0  |           0  |  00:00:00  |
|  Shift Register                                   |            0  |              0  |                     0  |           0  |           0  |  00:00:00  |
|  BRAM Register                                    |            0  |              0  |                     0  |           0  |           0  |  00:00:00  |
|  URAM Register                                    |            0  |              0  |                     0  |           0  |           0  |  00:00:00  |
|  Dynamic/Static Region Interface Net Replication  |            0  |              0  |                     0  |           0  |           1  |  00:00:00  |
|  Total                                            |            0  |             25  |                    25  |           0  |           5  |  00:00:00  |
-----------------------------------------------------------------------------------------------------------------------------------------------------------


Phase 2.5.2 Physical Synthesis In Placer | Checksum: 311f59dc0

Time (s): cpu = 00:00:28 ; elapsed = 00:00:08 . Memory (MB): peak = 4700.523 ; gain = 305.043 ; free physical = 20499 ; free virtual = 48550
Phase 2.5 Global Place Phase2 | Checksum: 29bb612f9

Time (s): cpu = 00:00:39 ; elapsed = 00:00:11 . Memory (MB): peak = 4700.523 ; gain = 305.043 ; free physical = 20496 ; free virtual = 48547
Phase 2 Global Placement | Checksum: 29bb612f9

Time (s): cpu = 00:00:39 ; elapsed = 00:00:11 . Memory (MB): peak = 4700.523 ; gain = 305.043 ; free physical = 20496 ; free virtual = 48547

Phase 3 Detail Placement

Phase 3.1 Commit Multi Column Macros
Phase 3.1 Commit Multi Column Macros | Checksum: 27a4bed7c

Time (s): cpu = 00:00:49 ; elapsed = 00:00:14 . Memory (MB): peak = 4700.523 ; gain = 305.043 ; free physical = 20462 ; free virtual = 48513

Phase 3.2 Commit Most Macros & LUTRAMs
Phase 3.2 Commit Most Macros & LUTRAMs | Checksum: 2695be461

Time (s): cpu = 00:00:49 ; elapsed = 00:00:14 . Memory (MB): peak = 4700.523 ; gain = 305.043 ; free physical = 20462 ; free virtual = 48513

Phase 3.3 Small Shape DP

Phase 3.3.1 Small Shape Clustering
Phase 3.3.1 Small Shape Clustering | Checksum: 2bc5ed638

Time (s): cpu = 00:00:59 ; elapsed = 00:00:17 . Memory (MB): peak = 4700.523 ; gain = 305.043 ; free physical = 20463 ; free virtual = 48515

Phase 3.3.2 Slice Area Swap

Phase 3.3.2.1 Slice Area Swap Initial
Phase 3.3.2.1 Slice Area Swap Initial | Checksum: 25e8afa70

Time (s): cpu = 00:00:59 ; elapsed = 00:00:17 . Memory (MB): peak = 4700.523 ; gain = 305.043 ; free physical = 20463 ; free virtual = 48515
Phase 3.3.2 Slice Area Swap | Checksum: 25e8afa70

Time (s): cpu = 00:00:59 ; elapsed = 00:00:17 . Memory (MB): peak = 4700.523 ; gain = 305.043 ; free physical = 20463 ; free virtual = 48515
Phase 3.3 Small Shape DP | Checksum: 2b30f2bbe

Time (s): cpu = 00:01:00 ; elapsed = 00:00:17 . Memory (MB): peak = 4700.523 ; gain = 305.043 ; free physical = 20463 ; free virtual = 48515

Phase 3.4 Re-assign LUT pins
Phase 3.4 Re-assign LUT pins | Checksum: 259b46a07

Time (s): cpu = 00:01:00 ; elapsed = 00:00:17 . Memory (MB): peak = 4700.523 ; gain = 305.043 ; free physical = 20463 ; free virtual = 48515

Phase 3.5 Pipeline Register Optimization
Phase 3.5 Pipeline Register Optimization | Checksum: 2c78d3cdb

Time (s): cpu = 00:01:00 ; elapsed = 00:00:17 . Memory (MB): peak = 4700.523 ; gain = 305.043 ; free physical = 20463 ; free virtual = 48515
Phase 3 Detail Placement | Checksum: 2c78d3cdb

Time (s): cpu = 00:01:00 ; elapsed = 00:00:17 . Memory (MB): peak = 4700.523 ; gain = 305.043 ; free physical = 20463 ; free virtual = 48515

Phase 4 Post Placement Optimization and Clean-Up

Phase 4.1 Post Commit Optimization
INFO: [Timing 38-35] Done setting XDC timing constraints.

Phase 4.1.1 Post Placement Optimization
Post Placement Optimization Initialization | Checksum: 2485802ff

Phase 4.1.1.1 BUFG Insertion

Starting Physical Synthesis Task

Phase 1 Physical Synthesis Initialization
INFO: [Physopt 32-721] Multithreading enabled for phys_opt_design using a maximum of 8 CPUs
INFO: [Physopt 32-619] Estimated Timing Summary | WNS=7.237 | TNS=0.000 |
Phase 1 Physical Synthesis Initialization | Checksum: 1995ee773

Time (s): cpu = 00:00:00.07 ; elapsed = 00:00:00.02 . Memory (MB): peak = 4700.523 ; gain = 0.000 ; free physical = 20478 ; free virtual = 48529
INFO: [Place 46-56] BUFG insertion identified 0 candidate nets. Inserted BUFG: 0, Replicated BUFG Driver: 0, Skipped due to Placement/Routing Conflicts: 0, Skipped due to Timing Degradation: 0, Skipped due to netlist editing failed: 0.
Ending Physical Synthesis Task | Checksum: 23eeb1e5b

Time (s): cpu = 00:00:00.08 ; elapsed = 00:00:00.03 . Memory (MB): peak = 4700.523 ; gain = 0.000 ; free physical = 20478 ; free virtual = 48529
Phase 4.1.1.1 BUFG Insertion | Checksum: 2485802ff

Time (s): cpu = 00:01:11 ; elapsed = 00:00:21 . Memory (MB): peak = 4700.523 ; gain = 305.043 ; free physical = 20478 ; free virtual = 48529

Phase 4.1.1.2 Post Placement Timing Optimization
INFO: [Place 30-746] Post Placement Timing Summary WNS=7.237. For the most accurate timing information please run report_timing.
Phase 4.1.1.2 Post Placement Timing Optimization | Checksum: 2e1debee8

Time (s): cpu = 00:01:11 ; elapsed = 00:00:21 . Memory (MB): peak = 4700.523 ; gain = 305.043 ; free physical = 20478 ; free virtual = 48529

Time (s): cpu = 00:01:11 ; elapsed = 00:00:21 . Memory (MB): peak = 4700.523 ; gain = 305.043 ; free physical = 20478 ; free virtual = 48529
Phase 4.1 Post Commit Optimization | Checksum: 2e1debee8

Time (s): cpu = 00:01:11 ; elapsed = 00:00:21 . Memory (MB): peak = 4700.523 ; gain = 305.043 ; free physical = 20478 ; free virtual = 48529
Netlist sorting complete. Time (s): cpu = 00:00:00 ; elapsed = 00:00:00 . Memory (MB): peak = 4700.523 ; gain = 0.000 ; free physical = 20439 ; free virtual = 48491

Phase 4.2 Post Placement Cleanup
Phase 4.2 Post Placement Cleanup | Checksum: 2aa1bdc82

Time (s): cpu = 00:01:23 ; elapsed = 00:00:26 . Memory (MB): peak = 4700.523 ; gain = 305.043 ; free physical = 20439 ; free virtual = 48491

Phase 4.3 Placer Reporting

Phase 4.3.1 Print Estimated Congestion
INFO: [Place 30-612] Post-Placement Estimated Congestion 
 ________________________________________________________________________
|           | Global Congestion | Long Congestion   | Short Congestion  |
| Direction | Region Size       | Region Size       | Region Size       |
|___________|___________________|___________________|___________________|
|      North|                1x1|                1x1|                1x1|
|___________|___________________|___________________|___________________|
|      South|                1x1|                1x1|                1x1|
|___________|___________________|___________________|___________________|
|       East|                1x1|                1x1|                1x1|
|___________|___________________|___________________|___________________|
|       West|                1x1|                1x1|                1x1|
|___________|___________________|___________________|___________________|

Phase 4.3.1 Print Estimated Congestion | Checksum: 2aa1bdc82

Time (s): cpu = 00:01:23 ; elapsed = 00:00:26 . Memory (MB): peak = 4700.523 ; gain = 305.043 ; free physical = 20439 ; free virtual = 48491
Phase 4.3 Placer Reporting | Checksum: 2aa1bdc82

Time (s): cpu = 00:01:23 ; elapsed = 00:00:26 . Memory (MB): peak = 4700.523 ; gain = 305.043 ; free physical = 20439 ; free virtual = 48491

Phase 4.4 Final Placement Cleanup
Netlist sorting complete. Time (s): cpu = 00:00:00 ; elapsed = 00:00:00 . Memory (MB): peak = 4700.523 ; gain = 0.000 ; free physical = 20439 ; free virtual = 48491

Time (s): cpu = 00:01:23 ; elapsed = 00:00:26 . Memory (MB): peak = 4700.523 ; gain = 305.043 ; free physical = 20439 ; free virtual = 48491
Phase 4 Post Placement Optimization and Clean-Up | Checksum: 1cfc8f1be

Time (s): cpu = 00:01:23 ; elapsed = 00:00:26 . Memory (MB): peak = 4700.523 ; gain = 305.043 ; free physical = 20439 ; free virtual = 48491
Ending Placer Task | Checksum: d35b68e8

Time (s): cpu = 00:01:23 ; elapsed = 00:00:26 . Memory (MB): peak = 4700.523 ; gain = 305.043 ; free physical = 20439 ; free virtual = 48491
78 Infos, 0 Warnings, 2 Critical Warnings and 0 Errors encountered.
place_design completed successfully
place_design: Time (s): cpu = 00:01:29 ; elapsed = 00:00:27 . Memory (MB): peak = 4700.523 ; gain = 305.043 ; free physical = 20439 ; free virtual = 48491
INFO: [Vivado 12-24838] Running report commands "report_control_sets, report_io, report_utilization" in parallel.
Running report generation with 3 threads.
INFO: [Vivado 12-24828] Executing command : report_control_sets -verbose -file kria_bd_wrapper_control_sets_placed.rpt
report_control_sets: Time (s): cpu = 00:00:00.16 ; elapsed = 00:00:00.14 . Memory (MB): peak = 4700.523 ; gain = 0.000 ; free physical = 20421 ; free virtual = 48473
INFO: [Vivado 12-24828] Executing command : report_utilization -file kria_bd_wrapper_utilization_placed.rpt -pb kria_bd_wrapper_utilization_placed.pb
INFO: [Vivado 12-24828] Executing command : report_io -file kria_bd_wrapper_io_placed.rpt
report_io: Time (s): cpu = 00:00:00.32 ; elapsed = 00:00:00.29 . Memory (MB): peak = 4700.523 ; gain = 0.000 ; free physical = 20381 ; free virtual = 48433
INFO: [Timing 38-480] Writing timing data to binary archive.
Write ShapeDB Complete: Time (s): cpu = 00:00:00.02 ; elapsed = 00:00:00 . Memory (MB): peak = 4700.523 ; gain = 0.000 ; free physical = 20381 ; free virtual = 48433
Wrote PlaceDB: Time (s): cpu = 00:00:00.31 ; elapsed = 00:00:00.08 . Memory (MB): peak = 4700.523 ; gain = 0.000 ; free physical = 20381 ; free virtual = 48435
Wrote PulsedLatchDB: Time (s): cpu = 00:00:00 ; elapsed = 00:00:00 . Memory (MB): peak = 4700.523 ; gain = 0.000 ; free physical = 20381 ; free virtual = 48435
Writing XDEF routing.
Writing XDEF routing logical nets.
Writing XDEF routing special nets.
Wrote RouteStorage: Time (s): cpu = 00:00:00.06 ; elapsed = 00:00:00.03 . Memory (MB): peak = 4700.523 ; gain = 0.000 ; free physical = 20381 ; free virtual = 48436
Wrote Netlist Cache: Time (s): cpu = 00:00:00 ; elapsed = 00:00:00 . Memory (MB): peak = 4700.523 ; gain = 0.000 ; free physical = 20381 ; free virtual = 48436
Wrote Device Cache: Time (s): cpu = 00:00:00.02 ; elapsed = 00:00:00.01 . Memory (MB): peak = 4700.523 ; gain = 0.000 ; free physical = 20381 ; free virtual = 48438
Write Physdb Complete: Time (s): cpu = 00:00:00.4 ; elapsed = 00:00:00.13 . Memory (MB): peak = 4700.523 ; gain = 0.000 ; free physical = 20381 ; free virtual = 48438
INFO: [Common 17-1381] The checkpoint '/home/randy/projects/Kria_KR260/Kria_KR260.runs/impl_1/kria_bd_wrapper_placed.dcp' has been generated.
Command: phys_opt_design
Attempting to get a license for feature 'Implementation' and/or device 'xck26'
INFO: [Common 17-349] Got license for feature 'Implementation' and/or device 'xck26'

Starting Initial Update Timing Task

Time (s): cpu = 00:00:00.33 ; elapsed = 00:00:00.12 . Memory (MB): peak = 4700.523 ; gain = 0.000 ; free physical = 20384 ; free virtual = 48439
INFO: [Vivado_Tcl 4-2279] Estimated Timing Summary | WNS= 7.241 | TNS= 0.000 | 
INFO: [Vivado_Tcl 4-383] Design worst setup slack (WNS) is greater than or equal to 0.000 ns. All physical synthesis setup optimizations will be skipped.
INFO: [Vivado_Tcl 4-232] No setup violation found. The netlist was not modified.
INFO: [Common 17-83] Releasing license: Implementation
89 Infos, 0 Warnings, 2 Critical Warnings and 0 Errors encountered.
phys_opt_design completed successfully
INFO: [Timing 38-480] Writing timing data to binary archive.
Write ShapeDB Complete: Time (s): cpu = 00:00:00.03 ; elapsed = 00:00:00.01 . Memory (MB): peak = 4700.523 ; gain = 0.000 ; free physical = 20384 ; free virtual = 48439
Wrote PlaceDB: Time (s): cpu = 00:00:00.3 ; elapsed = 00:00:00.08 . Memory (MB): peak = 4700.523 ; gain = 0.000 ; free physical = 20384 ; free virtual = 48440
Wrote PulsedLatchDB: Time (s): cpu = 00:00:00 ; elapsed = 00:00:00 . Memory (MB): peak = 4700.523 ; gain = 0.000 ; free physical = 20384 ; free virtual = 48440
Writing XDEF routing.
Writing XDEF routing logical nets.
Writing XDEF routing special nets.
Wrote RouteStorage: Time (s): cpu = 00:00:00.06 ; elapsed = 00:00:00.03 . Memory (MB): peak = 4700.523 ; gain = 0.000 ; free physical = 20384 ; free virtual = 48441
Wrote Netlist Cache: Time (s): cpu = 00:00:00 ; elapsed = 00:00:00.01 . Memory (MB): peak = 4700.523 ; gain = 0.000 ; free physical = 20384 ; free virtual = 48441
Wrote Device Cache: Time (s): cpu = 00:00:00.03 ; elapsed = 00:00:00.01 . Memory (MB): peak = 4700.523 ; gain = 0.000 ; free physical = 20384 ; free virtual = 48444
Write Physdb Complete: Time (s): cpu = 00:00:00.4 ; elapsed = 00:00:00.13 . Memory (MB): peak = 4700.523 ; gain = 0.000 ; free physical = 20384 ; free virtual = 48444
INFO: [Common 17-1381] The checkpoint '/home/randy/projects/Kria_KR260/Kria_KR260.runs/impl_1/kria_bd_wrapper_physopt.dcp' has been generated.
Command: route_design
Attempting to get a license for feature 'Implementation' and/or device 'xck26'
INFO: [Common 17-349] Got license for feature 'Implementation' and/or device 'xck26'


Starting Routing Task
INFO: [Route 35-254] Multithreading enabled for route_design using a maximum of 8 CPUs

Phase 1 Build RT Design
Checksum: PlaceDB: 425b7d89 ConstDB: 0 ShapeSum: 2ab4779 RouteDB: 8e54a3e6
Nodegraph reading from file.  Time (s): cpu = 00:00:00.44 ; elapsed = 00:00:00.45 . Memory (MB): peak = 4700.523 ; gain = 0.000 ; free physical = 20380 ; free virtual = 48440
Post Restoration Checksum: NetGraph: fd209ee4 | NumContArr: c746d09b | Constraints: 9b45e5f1 | Timing: c2a8fa9d
Phase 1 Build RT Design | Checksum: 32256500d

Time (s): cpu = 00:00:03 ; elapsed = 00:00:03 . Memory (MB): peak = 4700.523 ; gain = 0.000 ; free physical = 20384 ; free virtual = 48445

Phase 2 Router Initialization

Phase 2.1 Fix Topology Constraints
Phase 2.1 Fix Topology Constraints | Checksum: 32256500d

Time (s): cpu = 00:00:03 ; elapsed = 00:00:03 . Memory (MB): peak = 4700.523 ; gain = 0.000 ; free physical = 20384 ; free virtual = 48445

Phase 2.2 Pre Route Cleanup
Phase 2.2 Pre Route Cleanup | Checksum: 32256500d

Time (s): cpu = 00:00:03 ; elapsed = 00:00:03 . Memory (MB): peak = 4700.523 ; gain = 0.000 ; free physical = 20384 ; free virtual = 48445

Phase 2.3 Global Clock Net Routing
 Number of Nodes with overlaps = 0
Phase 2.3 Global Clock Net Routing | Checksum: 20ec4c866

Time (s): cpu = 00:00:05 ; elapsed = 00:00:03 . Memory (MB): peak = 4700.523 ; gain = 0.000 ; free physical = 20384 ; free virtual = 48446

Phase 2.4 Update Timing
Phase 2.4 Update Timing | Checksum: 17bd19a2f

Time (s): cpu = 00:00:05 ; elapsed = 00:00:03 . Memory (MB): peak = 4700.523 ; gain = 0.000 ; free physical = 20383 ; free virtual = 48445
INFO: [Route 35-416] Intermediate Timing Summary | WNS=7.268  | TNS=0.000  | WHS=0.041  | THS=0.000  |


Router Utilization Summary
  Global Vertical Routing Utilization    = 0 %
  Global Horizontal Routing Utilization  = 0 %
  Routable Net Status*
  *Does not include unroutable nets such as driverless and loadless.
  Run report_route_status for detailed report.
  Number of Failed Nets               = 1175
    (Failed Nets is the sum of unrouted and partially routed nets)
  Number of Unrouted Nets             = 1003
  Number of Partially Routed Nets     = 172
  Number of Node Overlaps             = 0

Phase 2 Router Initialization | Checksum: 1d9506abe

Time (s): cpu = 00:00:07 ; elapsed = 00:00:04 . Memory (MB): peak = 4700.523 ; gain = 0.000 ; free physical = 20383 ; free virtual = 48445

Phase 3 Global Routing
Phase 3 Global Routing | Checksum: 1d9506abe

Time (s): cpu = 00:00:07 ; elapsed = 00:00:04 . Memory (MB): peak = 4700.523 ; gain = 0.000 ; free physical = 20384 ; free virtual = 48447

Phase 4 Initial Routing

Phase 4.1 Initial Net Routing Pass
Phase 4.1 Initial Net Routing Pass | Checksum: 2a3f3d3eb

Time (s): cpu = 00:00:08 ; elapsed = 00:00:04 . Memory (MB): peak = 4700.523 ; gain = 0.000 ; free physical = 20383 ; free virtual = 48445
Phase 4 Initial Routing | Checksum: 2c7c46955

Time (s): cpu = 00:00:08 ; elapsed = 00:00:04 . Memory (MB): peak = 4700.523 ; gain = 0.000 ; free physical = 20383 ; free virtual = 48445

Phase 5 Rip-up And Reroute

Phase 5.1 Global Iteration 0
 Number of Nodes with overlaps = 151
 Number of Nodes with overlaps = 0
INFO: [Route 35-416] Intermediate Timing Summary | WNS=7.066  | TNS=0.000  | WHS=0.012  | THS=0.000  |

Phase 5.1 Global Iteration 0 | Checksum: 2bcea9902

Time (s): cpu = 00:00:09 ; elapsed = 00:00:05 . Memory (MB): peak = 4700.523 ; gain = 0.000 ; free physical = 20382 ; free virtual = 48445

Phase 5.2 Additional Iteration for Hold
Phase 5.2 Additional Iteration for Hold | Checksum: 32bb794cc

Time (s): cpu = 00:00:09 ; elapsed = 00:00:05 . Memory (MB): peak = 4700.523 ; gain = 0.000 ; free physical = 20382 ; free virtual = 48445
Phase 5 Rip-up And Reroute | Checksum: 32bb794cc

Time (s): cpu = 00:00:09 ; elapsed = 00:00:05 . Memory (MB): peak = 4700.523 ; gain = 0.000 ; free physical = 20382 ; free virtual = 48445

Phase 6 Delay and Skew Optimization

Phase 6.1 Delay CleanUp
Phase 6.1 Delay CleanUp | Checksum: 32bb794cc

Time (s): cpu = 00:00:09 ; elapsed = 00:00:05 . Memory (MB): peak = 4700.523 ; gain = 0.000 ; free physical = 20382 ; free virtual = 48445

Phase 6.2 Clock Skew Optimization
Phase 6.2 Clock Skew Optimization | Checksum: 32bb794cc

Time (s): cpu = 00:00:09 ; elapsed = 00:00:05 . Memory (MB): peak = 4700.523 ; gain = 0.000 ; free physical = 20382 ; free virtual = 48445
Phase 6 Delay and Skew Optimization | Checksum: 32bb794cc

Time (s): cpu = 00:00:09 ; elapsed = 00:00:05 . Memory (MB): peak = 4700.523 ; gain = 0.000 ; free physical = 20382 ; free virtual = 48445

Phase 7 Post Hold Fix

Phase 7.1 Hold Fix Iter
INFO: [Route 35-416] Intermediate Timing Summary | WNS=7.066  | TNS=0.000  | WHS=0.012  | THS=0.000  |

Phase 7.1 Hold Fix Iter | Checksum: 32bb794cc

Time (s): cpu = 00:00:10 ; elapsed = 00:00:05 . Memory (MB): peak = 4700.523 ; gain = 0.000 ; free physical = 20385 ; free virtual = 48448
Phase 7 Post Hold Fix | Checksum: 32bb794cc

Time (s): cpu = 00:00:10 ; elapsed = 00:00:05 . Memory (MB): peak = 4700.523 ; gain = 0.000 ; free physical = 20385 ; free virtual = 48448

Phase 8 Route finalize

Router Utilization Summary
  Global Vertical Routing Utilization    = 0.0527499 %
  Global Horizontal Routing Utilization  = 0.0589035 %
  Routable Net Status*
  *Does not include unroutable nets such as driverless and loadless.
  Run report_route_status for detailed report.
  Number of Failed Nets               = 0
    (Failed Nets is the sum of unrouted and partially routed nets)
  Number of Unrouted Nets             = 0
  Number of Partially Routed Nets     = 0
  Number of Node Overlaps             = 0

Phase 8 Route finalize | Checksum: 32bb794cc

Time (s): cpu = 00:00:10 ; elapsed = 00:00:05 . Memory (MB): peak = 4700.523 ; gain = 0.000 ; free physical = 20385 ; free virtual = 48448

Phase 9 Verifying routed nets

 Verification completed successfully
Phase 9 Verifying routed nets | Checksum: 32bb794cc

Time (s): cpu = 00:00:10 ; elapsed = 00:00:05 . Memory (MB): peak = 4700.523 ; gain = 0.000 ; free physical = 20385 ; free virtual = 48448

Phase 10 Depositing Routes
Phase 10 Depositing Routes | Checksum: 32bb794cc

Time (s): cpu = 00:00:10 ; elapsed = 00:00:05 . Memory (MB): peak = 4700.523 ; gain = 0.000 ; free physical = 20385 ; free virtual = 48447

Phase 11 Resolve XTalk
Phase 11 Resolve XTalk | Checksum: 32bb794cc

Time (s): cpu = 00:00:10 ; elapsed = 00:00:05 . Memory (MB): peak = 4700.523 ; gain = 0.000 ; free physical = 20385 ; free virtual = 48447

Phase 12 Post Process Routing
Phase 12 Post Process Routing | Checksum: 32bb794cc

Time (s): cpu = 00:00:10 ; elapsed = 00:00:05 . Memory (MB): peak = 4700.523 ; gain = 0.000 ; free physical = 20385 ; free virtual = 48447

Phase 13 Post Router Timing
INFO: [Route 35-57] Estimated Timing Summary | WNS=7.066  | TNS=0.000  | WHS=0.012  | THS=0.000  |

INFO: [Route 35-327] The final timing numbers are based on the router estimated timing analysis. For a complete and accurate timing signoff, please run report_timing_summary.
Phase 13 Post Router Timing | Checksum: 32bb794cc

Time (s): cpu = 00:00:10 ; elapsed = 00:00:05 . Memory (MB): peak = 4700.523 ; gain = 0.000 ; free physical = 20385 ; free virtual = 48447
Total Elapsed time in route_design: 4.92 secs

Phase 14 Post-Route Event Processing
Phase 14 Post-Route Event Processing | Checksum: dcecaa45

Time (s): cpu = 00:00:10 ; elapsed = 00:00:05 . Memory (MB): peak = 4700.523 ; gain = 0.000 ; free physical = 20385 ; free virtual = 48447
INFO: [Route 35-16] Router Completed Successfully
Ending Routing Task | Checksum: dcecaa45

Time (s): cpu = 00:00:10 ; elapsed = 00:00:05 . Memory (MB): peak = 4700.523 ; gain = 0.000 ; free physical = 20385 ; free virtual = 48447

Routing Is Done.
INFO: [Common 17-83] Releasing license: Implementation
100 Infos, 0 Warnings, 2 Critical Warnings and 0 Errors encountered.
route_design completed successfully
INFO: [Vivado 12-24828] Executing command : report_drc -file kria_bd_wrapper_drc_routed.rpt -pb kria_bd_wrapper_drc_routed.pb -rpx kria_bd_wrapper_drc_routed.rpx
Command: report_drc -file kria_bd_wrapper_drc_routed.rpt -pb kria_bd_wrapper_drc_routed.pb -rpx kria_bd_wrapper_drc_routed.rpx
INFO: [IP_Flow 19-1839] IP Catalog is up to date.
INFO: [DRC 23-27] Running DRC with 8 threads
INFO: [Vivado_Tcl 2-168] The results of DRC are in file /home/randy/projects/Kria_KR260/Kria_KR260.runs/impl_1/kria_bd_wrapper_drc_routed.rpt.
report_drc completed successfully
INFO: [Vivado 12-24828] Executing command : report_methodology -file kria_bd_wrapper_methodology_drc_routed.rpt -pb kria_bd_wrapper_methodology_drc_routed.pb -rpx kria_bd_wrapper_methodology_drc_routed.rpx
Command: report_methodology -file kria_bd_wrapper_methodology_drc_routed.rpt -pb kria_bd_wrapper_methodology_drc_routed.pb -rpx kria_bd_wrapper_methodology_drc_routed.rpx
INFO: [Timing 38-35] Done setting XDC timing constraints.
INFO: [DRC 23-133] Running Methodology with 8 threads
INFO: [Vivado_Tcl 2-1520] The results of Report Methodology are in file /home/randy/projects/Kria_KR260/Kria_KR260.runs/impl_1/kria_bd_wrapper_methodology_drc_routed.rpt.
report_methodology completed successfully
INFO: [Vivado 12-24828] Executing command : report_timing_summary -max_paths 10 -report_unconstrained -file kria_bd_wrapper_timing_summary_routed.rpt -pb kria_bd_wrapper_timing_summary_routed.pb -rpx kria_bd_wrapper_timing_summary_routed.rpx -warn_on_violation 
INFO: [Timing 38-35] Done setting XDC timing constraints.
INFO: [Timing 38-91] UpdateTimingParams: Speed grade: -2LV, Temperature grade: C, Delay Type: min_max.
INFO: [Timing 38-191] Multithreading enabled for timing update using a maximum of 8 CPUs
INFO: [Vivado 12-24838] Running report commands "report_bus_skew, report_incremental_reuse, report_route_status" in parallel.
Running report generation with 3 threads.
INFO: [Vivado 12-24828] Executing command : report_route_status -file kria_bd_wrapper_route_status.rpt -pb kria_bd_wrapper_route_status.pb
INFO: [Vivado 12-24828] Executing command : report_incremental_reuse -file kria_bd_wrapper_incremental_reuse_routed.rpt
INFO: [Vivado_Tcl 4-1062] Incremental flow is disabled. No incremental reuse Info to report.
INFO: [Vivado 12-24828] Executing command : report_bus_skew -warn_on_violation -file kria_bd_wrapper_bus_skew_routed.rpt -pb kria_bd_wrapper_bus_skew_routed.pb -rpx kria_bd_wrapper_bus_skew_routed.rpx
INFO: [Timing 38-91] UpdateTimingParams: Speed grade: -2LV, Temperature grade: C, Delay Type: min_max.
INFO: [Timing 38-191] Multithreading enabled for timing update using a maximum of 8 CPUs
INFO: [Vivado 12-24828] Executing command : report_power -file kria_bd_wrapper_power_routed.rpt -pb kria_bd_wrapper_power_summary_routed.pb -rpx kria_bd_wrapper_power_routed.rpx
Command: report_power -file kria_bd_wrapper_power_routed.rpt -pb kria_bd_wrapper_power_summary_routed.pb -rpx kria_bd_wrapper_power_routed.rpx
Running Vector-less Activity Propagation...

Finished Running Vector-less Activity Propagation
120 Infos, 0 Warnings, 2 Critical Warnings and 0 Errors encountered.
report_power completed successfully
INFO: [Vivado 12-24828] Executing command : report_clock_utilization -file kria_bd_wrapper_clock_utilization_routed.rpt
generate_parallel_reports: Time (s): cpu = 00:00:19 ; elapsed = 00:00:07 . Memory (MB): peak = 4748.531 ; gain = 48.008 ; free physical = 20357 ; free virtual = 48427
INFO: [Timing 38-480] Writing timing data to binary archive.
Write ShapeDB Complete: Time (s): cpu = 00:00:00.02 ; elapsed = 00:00:00.01 . Memory (MB): peak = 4748.531 ; gain = 0.000 ; free physical = 20357 ; free virtual = 48427
Wrote PlaceDB: Time (s): cpu = 00:00:00.31 ; elapsed = 00:00:00.09 . Memory (MB): peak = 4748.531 ; gain = 0.000 ; free physical = 20357 ; free virtual = 48428
Wrote PulsedLatchDB: Time (s): cpu = 00:00:00 ; elapsed = 00:00:00 . Memory (MB): peak = 4748.531 ; gain = 0.000 ; free physical = 20357 ; free virtual = 48428
Writing XDEF routing.
Writing XDEF routing logical nets.
Writing XDEF routing special nets.
Wrote RouteStorage: Time (s): cpu = 00:00:00.09 ; elapsed = 00:00:00.04 . Memory (MB): peak = 4748.531 ; gain = 0.000 ; free physical = 20357 ; free virtual = 48429
Wrote Netlist Cache: Time (s): cpu = 00:00:00 ; elapsed = 00:00:00.01 . Memory (MB): peak = 4748.531 ; gain = 0.000 ; free physical = 20357 ; free virtual = 48429
Wrote Device Cache: Time (s): cpu = 00:00:00.01 ; elapsed = 00:00:00.01 . Memory (MB): peak = 4748.531 ; gain = 0.000 ; free physical = 20357 ; free virtual = 48433
Write Physdb Complete: Time (s): cpu = 00:00:00.41 ; elapsed = 00:00:00.15 . Memory (MB): peak = 4748.531 ; gain = 0.000 ; free physical = 20357 ; free virtual = 48433
INFO: [Common 17-1381] The checkpoint '/home/randy/projects/Kria_KR260/Kria_KR260.runs/impl_1/kria_bd_wrapper_routed.dcp' has been generated.

WARNING::74 - Unsupported FPGA device name 'xck26-sfvc784-2LV-c'. Verify that the specified device is a valid customer supported device.
-p xck26-sfvc784-2LV-c
   ^

Command: write_bitstream -force kria_bd_wrapper.bit
Attempting to get a license for feature 'Implementation' and/or device 'xck26'
INFO: [Common 17-349] Got license for feature 'Implementation' and/or device 'xck26'
Running DRC as a precondition to command write_bitstream
INFO: [IP_Flow 19-1839] IP Catalog is up to date.
INFO: [DRC 23-27] Running DRC with 8 threads
INFO: [Vivado 12-3199] DRC finished with 0 Errors
INFO: [Vivado 12-3200] Please refer to the DRC report (report_drc) for more information.
INFO: [Designutils 20-2272] Running write_bitstream with 8 threads.
Loading data files...
Loading site data...
Loading route data...
Processing options...
Creating bitmap...
Creating bitstream...
Writing bitstream ./kria_bd_wrapper.bit...
INFO: [Vivado 12-1842] Bitgen Completed Successfully.
INFO: [Project 1-1876] WebTalk data collection is mandatory when using a ULT device. To see the specific WebTalk data collected for your design, open the usage_statistics_webtalk.html or usage_statistics_webtalk.xml file in the implementation directory.
INFO: [Common 17-83] Releasing license: Implementation
132 Infos, 0 Warnings, 2 Critical Warnings and 0 Errors encountered.
write_bitstream completed successfully
write_bitstream: Time (s): cpu = 00:00:15 ; elapsed = 00:00:09 . Memory (MB): peak = 4800.570 ; gain = 0.000 ; free physical = 20314 ; free virtual = 48398
INFO: [Common 17-206] Exiting Vivado at Sat Jan  3 19:43:11 2026...
