#-----------------------------------------------------------
# Vivado v2024.2 (64-bit)
# SW Build 5239630 on Fri Nov 08 22:34:34 MST 2024
# IP Build 5239520 on Sun Nov 10 16:12:51 MST 2024
# SharedData Build 5239561 on Fri Nov 08 14:39:27 MST 2024
# Start of session at: Sat Jan  3 15:06:17 2026
# Process ID         : 928070
# Current directory  : /home/randy/projects/Kria_KR260
# Command line       : vivado
# Log file           : /home/randy/projects/Kria_KR260/vivado.log
# Journal file       : /home/randy/projects/Kria_KR260/vivado.jou
# Running On         : randy-HP-Laptop-17t-cn300
# Platform           : Ubuntu
# Operating System   : Ubuntu 22.04.5 LTS
# Processor Detail   : 13th Gen Intel(R) Core(TM) i7-1355U
# CPU Frequency      : 1742.517 MHz
# CPU Physical cores : 10
# CPU Logical cores  : 12
# Host memory        : 67126 MB
# Swap memory        : 2147 MB
# Total Virtual      : 69273 MB
# Available Virtual  : 58128 MB
#-----------------------------------------------------------
start_gui
create_project Kria_KR260 . -part xck26-sfvc784-2LV-c
set_property board_part xilinx.com:kr260_som:part0:1.1 [current_project]
set_property target_language VHDL [current_project]
set_property platform.extensible true [current_project]
create_bd_design "kria_bd"
update_compile_order -fileset sources_1
startgroup
create_bd_cell -type ip -vlnv xilinx.com:ip:zynq_ultra_ps_e:3.5 zynq_ultra_ps_e_0
endgroup
apply_bd_automation -rule xilinx.com:bd_rule:zynq_ultra_ps_e -config {apply_board_preset "1" }  [get_bd_cells zynq_ultra_ps_e_0]
set_property -dict [list \
  CONFIG.PSU__USE__M_AXI_GP0 {0} \
  CONFIG.PSU__USE__M_AXI_GP1 {0} \
  CONFIG.PSU__USE__M_AXI_GP2 {1} \
] [get_bd_cells zynq_ultra_ps_e_0]
startgroup
create_bd_cell -type ip -vlnv xilinx.com:ip:clk_wiz:6.0 clk_wiz_0
endgroup
set_property -dict [list \
  CONFIG.CLKOUT2_JITTER {102.086} \
  CONFIG.CLKOUT2_PHASE_ERROR {87.180} \
  CONFIG.CLKOUT2_REQUESTED_OUT_FREQ {200.000} \
  CONFIG.CLKOUT2_USED {true} \
  CONFIG.MMCM_CLKOUT1_DIVIDE {6} \
  CONFIG.NUM_OUT_CLKS {2} \
] [get_bd_cells clk_wiz_0]
connect_bd_net [get_bd_pins zynq_ultra_ps_e_0/pl_clk0] [get_bd_pins clk_wiz_0/clk_in1]
connect_bd_net [get_bd_pins zynq_ultra_ps_e_0/pl_resetn0] [get_bd_pins clk_wiz_0/reset]
startgroup
create_bd_cell -type ip -vlnv xilinx.com:ip:proc_sys_reset:5.0 proc_sys_reset_0
endgroup
startgroup
create_bd_cell -type ip -vlnv xilinx.com:ip:proc_sys_reset:5.0 proc_sys_reset_1
endgroup
connect_bd_net [get_bd_pins clk_wiz_0/clk_out1] [get_bd_pins proc_sys_reset_1/slowest_sync_clk]
connect_bd_net [get_bd_pins clk_wiz_0/clk_out2] [get_bd_pins proc_sys_reset_0/slowest_sync_clk]
connect_bd_net [get_bd_pins zynq_ultra_ps_e_0/pl_resetn0] [get_bd_pins proc_sys_reset_1/ext_reset_in]
connect_bd_net [get_bd_pins proc_sys_reset_0/ext_reset_in] [get_bd_pins zynq_ultra_ps_e_0/pl_resetn0]
regenerate_bd_layout
startgroup
create_bd_cell -type ip -vlnv xilinx.com:ip:axi_intc:4.1 axi_intc_0
endgroup
set_property CONFIG.C_IRQ_CONNECTION {1} [get_bd_cells axi_intc_0]
apply_bd_automation -rule xilinx.com:bd_rule:axi4 -config { Clk_master {Auto} Clk_slave {Auto} Clk_xbar {Auto} Master {/zynq_ultra_ps_e_0/M_AXI_HPM0_LPD} Slave {/axi_intc_0/s_axi} ddr_seg {Auto} intc_ip {New AXI SmartConnect} master_apm {0}}  [get_bd_intf_pins axi_intc_0/s_axi]
undo
apply_bd_automation -rule xilinx.com:bd_rule:axi4 -config { Clk_master {/clk_wiz_0/clk_out2 (200 MHz)} Clk_slave {/clk_wiz_0/clk_out2 (200 MHz)} Clk_xbar {/clk_wiz_0/clk_out2 (200 MHz)} Master {/zynq_ultra_ps_e_0/M_AXI_HPM0_LPD} Slave {/axi_intc_0/s_axi} ddr_seg {Auto} intc_ip {New AXI SmartConnect} master_apm {0}}  [get_bd_intf_pins axi_intc_0/s_axi]
connect_bd_net [get_bd_pins axi_intc_0/irq] [get_bd_pins zynq_ultra_ps_e_0/pl_ps_irq0]
set_property PFM.AXI_PORT {M01_AXI {memport "M_AXI_GP" sptag "" memory "" is_range "true"}} [get_bd_cells /axi_smc]
set_property PFM.AXI_PORT {M01_AXI {memport "M_AXI_GP" sptag "" memory "" is_range "true"} M02_AXI {memport "M_AXI_GP" sptag "" memory "" is_range "true"}} [get_bd_cells /axi_smc]
set_property PFM.AXI_PORT {M01_AXI {memport "M_AXI_GP" sptag "" memory "" is_range "true"} M02_AXI {memport "M_AXI_GP" sptag "" memory "" is_range "true"} M03_AXI {memport "M_AXI_GP" sptag "" memory "" is_range "true"}} [get_bd_cells /axi_smc]
set_property PFM.AXI_PORT {M01_AXI {memport "M_AXI_GP" sptag "" memory "" is_range "true"} M02_AXI {memport "M_AXI_GP" sptag "" memory "" is_range "true"} M03_AXI {memport "M_AXI_GP" sptag "" memory "" is_range "true"} M04_AXI {memport "M_AXI_GP" sptag "" memory "" is_range "true"}} [get_bd_cells /axi_smc]
set_property PFM.AXI_PORT {M01_AXI {memport "M_AXI_GP" sptag "" memory "" is_range "true"} M02_AXI {memport "M_AXI_GP" sptag "" memory "" is_range "true"} M03_AXI {memport "M_AXI_GP" sptag "" memory "" is_range "true"} M04_AXI {memport "M_AXI_GP" sptag "" memory "" is_range "true"} M05_AXI {memport "M_AXI_GP" sptag "" memory "" is_range "true"}} [get_bd_cells /axi_smc]
set_property PFM.AXI_PORT {M01_AXI {memport "M_AXI_GP" sptag "" memory "" is_range "true"} M02_AXI {memport "M_AXI_GP" sptag "" memory "" is_range "true"} M03_AXI {memport "M_AXI_GP" sptag "" memory "" is_range "true"} M04_AXI {memport "M_AXI_GP" sptag "" memory "" is_range "true"} M05_AXI {memport "M_AXI_GP" sptag "" memory "" is_range "true"} M06_AXI {memport "M_AXI_GP" sptag "" memory "" is_range "true"}} [get_bd_cells /axi_smc]
set_property PFM.AXI_PORT {M01_AXI {memport "M_AXI_GP" sptag "" memory "" is_range "true"} M02_AXI {memport "M_AXI_GP" sptag "" memory "" is_range "true"} M03_AXI {memport "M_AXI_GP" sptag "" memory "" is_range "true"} M04_AXI {memport "M_AXI_GP" sptag "" memory "" is_range "true"} M05_AXI {memport "M_AXI_GP" sptag "" memory "" is_range "true"} M06_AXI {memport "M_AXI_GP" sptag "" memory "" is_range "true"} M07_AXI {memport "M_AXI_GP" sptag "" memory "" is_range "true"}} [get_bd_cells /axi_smc]
set_property PFM.AXI_PORT {M01_AXI {memport "M_AXI_GP" sptag "" memory "" is_range "true"} M02_AXI {memport "M_AXI_GP" sptag "" memory "" is_range "true"} M03_AXI {memport "M_AXI_GP" sptag "" memory "" is_range "true"} M04_AXI {memport "M_AXI_GP" sptag "" memory "" is_range "true"} M05_AXI {memport "M_AXI_GP" sptag "" memory "" is_range "true"} M06_AXI {memport "M_AXI_GP" sptag "" memory "" is_range "true"} M07_AXI {memport "M_AXI_GP" sptag "" memory "" is_range "true"} M08_AXI {memport "M_AXI_GP" sptag "" memory "" is_range "true"}} [get_bd_cells /axi_smc]
set_property PFM.AXI_PORT {M01_AXI {memport "M_AXI_GP" sptag "" memory "" is_range "true"} M02_AXI {memport "M_AXI_GP" sptag "" memory "" is_range "true"} M03_AXI {memport "M_AXI_GP" sptag "" memory "" is_range "true"} M04_AXI {memport "M_AXI_GP" sptag "" memory "" is_range "true"} M05_AXI {memport "M_AXI_GP" sptag "" memory "" is_range "true"} M06_AXI {memport "M_AXI_GP" sptag "" memory "" is_range "true"} M07_AXI {memport "M_AXI_GP" sptag "" memory "" is_range "true"} M08_AXI {memport "M_AXI_GP" sptag "" memory "" is_range "true"} M09_AXI {memport "M_AXI_GP" sptag "" memory "" is_range "true"}} [get_bd_cells /axi_smc]
set_property PFM.AXI_PORT {M01_AXI {memport "M_AXI_GP" sptag "" memory "" is_range "true"} M02_AXI {memport "M_AXI_GP" sptag "" memory "" is_range "true"} M03_AXI {memport "M_AXI_GP" sptag "" memory "" is_range "true"} M04_AXI {memport "M_AXI_GP" sptag "" memory "" is_range "true"} M05_AXI {memport "M_AXI_GP" sptag "" memory "" is_range "true"} M06_AXI {memport "M_AXI_GP" sptag "" memory "" is_range "true"} M07_AXI {memport "M_AXI_GP" sptag "" memory "" is_range "true"} M08_AXI {memport "M_AXI_GP" sptag "" memory "" is_range "true"} M09_AXI {memport "M_AXI_GP" sptag "" memory "" is_range "true"} M10_AXI {memport "M_AXI_GP" sptag "" memory "" is_range "true"}} [get_bd_cells /axi_smc]
set_property PFM.AXI_PORT {M01_AXI {memport "M_AXI_GP" sptag "" memory "" is_range "true"} M02_AXI {memport "M_AXI_GP" sptag "" memory "" is_range "true"} M03_AXI {memport "M_AXI_GP" sptag "" memory "" is_range "true"} M04_AXI {memport "M_AXI_GP" sptag "" memory "" is_range "true"} M05_AXI {memport "M_AXI_GP" sptag "" memory "" is_range "true"} M06_AXI {memport "M_AXI_GP" sptag "" memory "" is_range "true"} M07_AXI {memport "M_AXI_GP" sptag "" memory "" is_range "true"} M08_AXI {memport "M_AXI_GP" sptag "" memory "" is_range "true"} M09_AXI {memport "M_AXI_GP" sptag "" memory "" is_range "true"}} [get_bd_cells /axi_smc]
set_property PFM.AXI_PORT {M01_AXI {memport "M_AXI_GP" sptag "" memory "" is_range "true"} M02_AXI {memport "M_AXI_GP" sptag "" memory "" is_range "true"} M03_AXI {memport "M_AXI_GP" sptag "" memory "" is_range "true"} M04_AXI {memport "M_AXI_GP" sptag "" memory "" is_range "true"} M05_AXI {memport "M_AXI_GP" sptag "" memory "" is_range "true"} M06_AXI {memport "M_AXI_GP" sptag "" memory "" is_range "true"} M07_AXI {memport "M_AXI_GP" sptag "" memory "" is_range "true"} M08_AXI {memport "M_AXI_GP" sptag "" memory "" is_range "true"}} [get_bd_cells /axi_smc]
set_property PFM.AXI_PORT {M01_AXI {memport "M_AXI_GP" sptag "" memory "" is_range "true"} M02_AXI {memport "M_AXI_GP" sptag "" memory "" is_range "true"} M03_AXI {memport "M_AXI_GP" sptag "" memory "" is_range "true"} M04_AXI {memport "M_AXI_GP" sptag "" memory "" is_range "true"} M05_AXI {memport "M_AXI_GP" sptag "" memory "" is_range "true"} M06_AXI {memport "M_AXI_GP" sptag "" memory "" is_range "true"} M07_AXI {memport "M_AXI_GP" sptag "" memory "" is_range "true"}} [get_bd_cells /axi_smc]
set_property PFM.AXI_PORT {M01_AXI {memport "M_AXI_GP" sptag "" memory "" is_range "true"} M02_AXI {memport "M_AXI_GP" sptag "" memory "" is_range "true"} M03_AXI {memport "M_AXI_GP" sptag "" memory "" is_range "true"} M04_AXI {memport "M_AXI_GP" sptag "" memory "" is_range "true"} M05_AXI {memport "M_AXI_GP" sptag "" memory "" is_range "true"} M06_AXI {memport "M_AXI_GP" sptag "" memory "" is_range "true"}} [get_bd_cells /axi_smc]
set_property PFM.AXI_PORT {M01_AXI {memport "M_AXI_GP" sptag "" memory "" is_range "true"} M02_AXI {memport "M_AXI_GP" sptag "" memory "" is_range "true"} M03_AXI {memport "M_AXI_GP" sptag "" memory "" is_range "true"} M04_AXI {memport "M_AXI_GP" sptag "" memory "" is_range "true"} M05_AXI {memport "M_AXI_GP" sptag "" memory "" is_range "true"}} [get_bd_cells /axi_smc]
set_property PFM.AXI_PORT {M01_AXI {memport "M_AXI_GP" sptag "" memory "" is_range "true"} M02_AXI {memport "M_AXI_GP" sptag "" memory "" is_range "true"} M03_AXI {memport "M_AXI_GP" sptag "" memory "" is_range "true"} M04_AXI {memport "M_AXI_GP" sptag "" memory "" is_range "true"}} [get_bd_cells /axi_smc]
set_property PFM.AXI_PORT {M01_AXI {memport "M_AXI_GP" sptag "" memory "" is_range "true"} M02_AXI {memport "M_AXI_GP" sptag "" memory "" is_range "true"} M03_AXI {memport "M_AXI_GP" sptag "" memory "" is_range "true"}} [get_bd_cells /axi_smc]
set_property PFM.AXI_PORT {M01_AXI {memport "M_AXI_GP" sptag "" memory "" is_range "true"} M02_AXI {memport "M_AXI_GP" sptag "" memory "" is_range "true"}} [get_bd_cells /axi_smc]
set_property PFM.AXI_PORT {M01_AXI {memport "M_AXI_GP" sptag "" memory "" is_range "true"}} [get_bd_cells /axi_smc]
set_property PFM.AXI_PORT {} [get_bd_cells /axi_smc]
set_property PFM.AXI_PORT {M_AXI_HPM0_FPD {memport "M_AXI_GP" sptag "" memory "" is_range "false"}} [get_bd_cells /zynq_ultra_ps_e_0]
set_property PFM.AXI_PORT {M_AXI_HPM0_FPD {memport "M_AXI_GP" sptag "" memory "" is_range "false"} M_AXI_HPM1_FPD {memport "M_AXI_GP" sptag "" memory "" is_range "false"}} [get_bd_cells /zynq_ultra_ps_e_0]
set_property PFM.AXI_PORT {M_AXI_HPM0_FPD {memport "M_AXI_GP" sptag "" memory "" is_range "false"} M_AXI_HPM1_FPD {memport "M_AXI_GP" sptag "" memory "" is_range "false"} S_AXI_HP0_FPD {memport "S_AXI_HP" sptag "" memory "" is_range "false"}} [get_bd_cells /zynq_ultra_ps_e_0]
set_property PFM.AXI_PORT {M_AXI_HPM0_FPD {memport "M_AXI_GP" sptag "" memory "" is_range "false"} M_AXI_HPM1_FPD {memport "M_AXI_GP" sptag "" memory "" is_range "false"} S_AXI_HP0_FPD {memport "S_AXI_HP" sptag "" memory "" is_range "false"} S_AXI_HP1_FPD {memport "S_AXI_HP" sptag "" memory "" is_range "false"}} [get_bd_cells /zynq_ultra_ps_e_0]
set_property PFM.AXI_PORT {M_AXI_HPM0_FPD {memport "M_AXI_GP" sptag "" memory "" is_range "false"} M_AXI_HPM1_FPD {memport "M_AXI_GP" sptag "" memory "" is_range "false"} S_AXI_HP0_FPD {memport "S_AXI_HP" sptag "" memory "" is_range "false"} S_AXI_HP1_FPD {memport "S_AXI_HP" sptag "" memory "" is_range "false"} S_AXI_HP2_FPD {memport "S_AXI_HP" sptag "" memory "" is_range "false"}} [get_bd_cells /zynq_ultra_ps_e_0]
set_property PFM.AXI_PORT {M_AXI_HPM0_FPD {memport "M_AXI_GP" sptag "" memory "" is_range "false"} M_AXI_HPM1_FPD {memport "M_AXI_GP" sptag "" memory "" is_range "false"} S_AXI_HPC0_FPD {memport "S_AXI_HPC" sptag "" memory "" is_range "false"} S_AXI_HP0_FPD {memport "S_AXI_HP" sptag "" memory "" is_range "false"} S_AXI_HP1_FPD {memport "S_AXI_HP" sptag "" memory "" is_range "false"} S_AXI_HP2_FPD {memport "S_AXI_HP" sptag "" memory "" is_range "false"}} [get_bd_cells /zynq_ultra_ps_e_0]
set_property PFM.AXI_PORT {M_AXI_HPM0_FPD {memport "M_AXI_GP" sptag "" memory "" is_range "false"} M_AXI_HPM1_FPD {memport "M_AXI_GP" sptag "" memory "" is_range "false"} S_AXI_HPC0_FPD {memport "S_AXI_HPC" sptag "" memory "" is_range "false"} S_AXI_HPC1_FPD {memport "S_AXI_HPC" sptag "" memory "" is_range "false"} S_AXI_HP0_FPD {memport "S_AXI_HP" sptag "" memory "" is_range "false"} S_AXI_HP1_FPD {memport "S_AXI_HP" sptag "" memory "" is_range "false"} S_AXI_HP2_FPD {memport "S_AXI_HP" sptag "" memory "" is_range "false"}} [get_bd_cells /zynq_ultra_ps_e_0]
set_property PFM.AXI_PORT {M_AXI_HPM0_FPD {memport "M_AXI_GP" sptag "" memory "" is_range "false"} M_AXI_HPM1_FPD {memport "M_AXI_GP" sptag "" memory "" is_range "false"} S_AXI_HPC0_FPD {memport "S_AXI_HPC" sptag "" memory "" is_range "false"} S_AXI_HPC1_FPD {memport "S_AXI_HPC" sptag "" memory "" is_range "false"} S_AXI_HP0_FPD {memport "S_AXI_HP" sptag "" memory "" is_range "false"} S_AXI_HP1_FPD {memport "S_AXI_HP" sptag "" memory "" is_range "false"} S_AXI_HP2_FPD {memport "S_AXI_HP" sptag "" memory "" is_range "false"} S_AXI_HP3_FPD {memport "S_AXI_HP" sptag "" memory "" is_range "false"}} [get_bd_cells /zynq_ultra_ps_e_0]
set_property PFM.AXI_PORT {M01_AXI {memport "M_AXI_GP" sptag "" memory "" is_range "true"}} [get_bd_cells /axi_smc]
set_property PFM.AXI_PORT {M01_AXI {memport "M_AXI_GP" sptag "" memory "" is_range "true"} M02_AXI {memport "M_AXI_GP" sptag "" memory "" is_range "true"}} [get_bd_cells /axi_smc]
set_property PFM.AXI_PORT {M01_AXI {memport "M_AXI_GP" sptag "" memory "" is_range "true"} M02_AXI {memport "M_AXI_GP" sptag "" memory "" is_range "true"} M03_AXI {memport "M_AXI_GP" sptag "" memory "" is_range "true"}} [get_bd_cells /axi_smc]
set_property PFM.AXI_PORT {M01_AXI {memport "M_AXI_GP" sptag "" memory "" is_range "true"} M02_AXI {memport "M_AXI_GP" sptag "" memory "" is_range "true"} M03_AXI {memport "M_AXI_GP" sptag "" memory "" is_range "true"} M04_AXI {memport "M_AXI_GP" sptag "" memory "" is_range "true"}} [get_bd_cells /axi_smc]
set_property PFM.AXI_PORT {M01_AXI {memport "M_AXI_GP" sptag "" memory "" is_range "true"} M02_AXI {memport "M_AXI_GP" sptag "" memory "" is_range "true"} M03_AXI {memport "M_AXI_GP" sptag "" memory "" is_range "true"} M04_AXI {memport "M_AXI_GP" sptag "" memory "" is_range "true"} M05_AXI {memport "M_AXI_GP" sptag "" memory "" is_range "true"}} [get_bd_cells /axi_smc]
set_property PFM.AXI_PORT {M01_AXI {memport "M_AXI_GP" sptag "" memory "" is_range "true"} M02_AXI {memport "M_AXI_GP" sptag "" memory "" is_range "true"} M03_AXI {memport "M_AXI_GP" sptag "" memory "" is_range "true"} M04_AXI {memport "M_AXI_GP" sptag "" memory "" is_range "true"} M05_AXI {memport "M_AXI_GP" sptag "" memory "" is_range "true"} M06_AXI {memport "M_AXI_GP" sptag "" memory "" is_range "true"}} [get_bd_cells /axi_smc]
set_property PFM.AXI_PORT {M01_AXI {memport "M_AXI_GP" sptag "" memory "" is_range "true"} M02_AXI {memport "M_AXI_GP" sptag "" memory "" is_range "true"} M03_AXI {memport "M_AXI_GP" sptag "" memory "" is_range "true"} M04_AXI {memport "M_AXI_GP" sptag "" memory "" is_range "true"} M05_AXI {memport "M_AXI_GP" sptag "" memory "" is_range "true"} M06_AXI {memport "M_AXI_GP" sptag "" memory "" is_range "true"} M07_AXI {memport "M_AXI_GP" sptag "" memory "" is_range "true"} M08_AXI {memport "M_AXI_GP" sptag "" memory "" is_range "true"}} [get_bd_cells /axi_smc]
set_property PFM.AXI_PORT {M01_AXI {memport "M_AXI_GP" sptag "" memory "" is_range "true"} M02_AXI {memport "M_AXI_GP" sptag "" memory "" is_range "true"} M03_AXI {memport "M_AXI_GP" sptag "" memory "" is_range "true"} M04_AXI {memport "M_AXI_GP" sptag "" memory "" is_range "true"} M05_AXI {memport "M_AXI_GP" sptag "" memory "" is_range "true"} M06_AXI {memport "M_AXI_GP" sptag "" memory "" is_range "true"}} [get_bd_cells /axi_smc]
set_property PFM.AXI_PORT {M01_AXI {memport "M_AXI_GP" sptag "" memory "" is_range "true"} M02_AXI {memport "M_AXI_GP" sptag "" memory "" is_range "true"} M03_AXI {memport "M_AXI_GP" sptag "" memory "" is_range "true"} M04_AXI {memport "M_AXI_GP" sptag "" memory "" is_range "true"} M05_AXI {memport "M_AXI_GP" sptag "" memory "" is_range "true"} M06_AXI {memport "M_AXI_GP" sptag "" memory "" is_range "true"} M07_AXI {memport "M_AXI_GP" sptag "" memory "" is_range "true"}} [get_bd_cells /axi_smc]
set_property PFM.AXI_PORT {M01_AXI {memport "M_AXI_GP" sptag "" memory "" is_range "true"} M02_AXI {memport "M_AXI_GP" sptag "" memory "" is_range "true"} M03_AXI {memport "M_AXI_GP" sptag "" memory "" is_range "true"} M04_AXI {memport "M_AXI_GP" sptag "" memory "" is_range "true"} M05_AXI {memport "M_AXI_GP" sptag "" memory "" is_range "true"} M06_AXI {memport "M_AXI_GP" sptag "" memory "" is_range "true"} M07_AXI {memport "M_AXI_GP" sptag "" memory "" is_range "true"} M08_AXI {memport "M_AXI_GP" sptag "" memory "" is_range "true"}} [get_bd_cells /axi_smc]
set_property PFM.CLOCK {pl_clk0 {id "0" is_default "false" proc_sys_reset "" status "fixed" freq_hz "99999001"}} [get_bd_cells /zynq_ultra_ps_e_0]
set_property PFM.CLOCK {pl_clk0 {id "0" is_default "false" proc_sys_reset "" status "fixed" freq_hz "99999001"} pl_clk1 {id "1" is_default "false" proc_sys_reset "" status "fixed" freq_hz "99999001"}} [get_bd_cells /zynq_ultra_ps_e_0]
set_property pfm_name kria_bd [get_files {kria_bd.bd}]
set_property PFM.CLOCK {pl_clk0 {id "0" is_default "false" proc_sys_reset "" status "fixed" freq_hz "99999001"} pl_clk1 {id "1" is_default "true" proc_sys_reset "" status "fixed" freq_hz "99999001"}} [get_bd_cells /zynq_ultra_ps_e_0]
set_property PFM.CLOCK {pl_clk1 {id "1" is_default "true" proc_sys_reset "" status "fixed" freq_hz "99999001"}} [get_bd_cells /zynq_ultra_ps_e_0]
set_property PFM.CLOCK {pl_clk0 {id "0" is_default "false" proc_sys_reset "" status "fixed" freq_hz "99999001"} pl_clk1 {id "1" is_default "true" proc_sys_reset "" status "fixed" freq_hz "99999001"}} [get_bd_cells /zynq_ultra_ps_e_0]
set_property PFM.IRQ {intr { id 0 range 32 }} [get_bd_cells /axi_intc_0]
undo
undo
undo
undo
undo
undo
undo
undo
undo
undo
undo
undo
undo
undo
undo
undo
undo
undo
undo
undo
undo
undo
undo
undo
undo
undo
undo
undo
undo
undo
undo
undo
undo
undo
undo
undo
undo
undo
undo
undo
undo
undo
undo
undo
undo
undo
undo
undo
undo
undo
undo
undo
undo
undo
undo
undo
redo
redo
redo
delete_bd_objs [get_bd_nets clk_wiz_0_clk_out1] [get_bd_cells proc_sys_reset_1]
delete_bd_objs [get_bd_cells proc_sys_reset_0]
startgroup
set_property -dict [list \
  CONFIG.RESET_PORT {resetn} \
  CONFIG.RESET_TYPE {ACTIVE_LOW} \
] [get_bd_cells clk_wiz_0]
delete_bd_objs [get_bd_nets zynq_ultra_ps_e_0_pl_resetn0]
endgroup
connect_bd_net [get_bd_pins clk_wiz_0/resetn] [get_bd_pins zynq_ultra_ps_e_0/pl_resetn0]
startgroup
create_bd_cell -type ip -vlnv xilinx.com:ip:proc_sys_reset:5.0 proc_sys_reset_0
endgroup
startgroup
create_bd_cell -type ip -vlnv xilinx.com:ip:axi_intc:4.1 axi_intc_0
endgroup
copy_bd_objs /  [get_bd_cells {proc_sys_reset_0}]
set_property CONFIG.C_IRQ_CONNECTION {1} [get_bd_cells axi_intc_0]
startgroup
apply_bd_automation -rule xilinx.com:bd_rule:axi4 -config { Clk_master {Auto} Clk_slave {Auto} Clk_xbar {Auto} Master {/zynq_ultra_ps_e_0/M_AXI_HPM0_LPD} Slave {/axi_intc_0/s_axi} ddr_seg {Auto} intc_ip {New AXI SmartConnect} master_apm {0}}  [get_bd_intf_pins axi_intc_0/s_axi]
apply_bd_automation -rule xilinx.com:bd_rule:board -config { Manual_Source {Auto}}  [get_bd_pins proc_sys_reset_1/ext_reset_in]
apply_bd_automation -rule xilinx.com:bd_rule:clkrst -config { Clk {/zynq_ultra_ps_e_0/pl_clk0 (99 MHz)} Freq {99} Ref_Clk0 {} Ref_Clk1 {} Ref_Clk2 {}}  [get_bd_pins proc_sys_reset_1/slowest_sync_clk]
endgroup
undo
startgroup
apply_bd_automation -rule xilinx.com:bd_rule:axi4 -config { Clk_master {/clk_wiz_0/clk_out2 (200 MHz)} Clk_slave {/clk_wiz_0/clk_out2 (200 MHz)} Clk_xbar {/clk_wiz_0/clk_out2 (200 MHz)} Master {/zynq_ultra_ps_e_0/M_AXI_HPM0_LPD} Slave {/axi_intc_0/s_axi} ddr_seg {Auto} intc_ip {New AXI SmartConnect} master_apm {0}}  [get_bd_intf_pins axi_intc_0/s_axi]
apply_bd_automation -rule xilinx.com:bd_rule:board -config { Manual_Source {/zynq_ultra_ps_e_0/pl_resetn0 (ACTIVE_LOW)}}  [get_bd_pins proc_sys_reset_1/ext_reset_in]
apply_bd_automation -rule xilinx.com:bd_rule:clkrst -config { Clk {/clk_wiz_0/clk_out2 (200 MHz)} Freq {200} Ref_Clk0 {None} Ref_Clk1 {None} Ref_Clk2 {None}}  [get_bd_pins proc_sys_reset_1/slowest_sync_clk]
endgroup
regenerate_bd_layout
connect_bd_net [get_bd_pins axi_intc_0/irq] [get_bd_pins zynq_ultra_ps_e_0/pl_ps_irq0]
set_property PFM.CLOCK {pl_clk0 {id "0" is_default "false" proc_sys_reset "" status "fixed" freq_hz "99999001"}} [get_bd_cells /zynq_ultra_ps_e_0]
set_property PFM.CLOCK {pl_clk0 {id "0" is_default "false" proc_sys_reset "" status "fixed" freq_hz "99999001"} pl_clk1 {id "1" is_default "false" proc_sys_reset "" status "fixed" freq_hz "99999001"}} [get_bd_cells /zynq_ultra_ps_e_0]
set_property pfm_name kria_bd [get_files {kria_bd.bd}]
set_property PFM.CLOCK {pl_clk0 {id "0" is_default "false" proc_sys_reset "" status "fixed" freq_hz "99999001"} pl_clk1 {id "1" is_default "true" proc_sys_reset "" status "fixed" freq_hz "99999001"}} [get_bd_cells /zynq_ultra_ps_e_0]
set_property PFM.AXI_PORT {M_AXI_HPM0_FPD {memport "M_AXI_GP" sptag "" memory "" is_range "false"}} [get_bd_cells /zynq_ultra_ps_e_0]
set_property PFM.AXI_PORT {M_AXI_HPM0_FPD {memport "M_AXI_GP" sptag "" memory "" is_range "false"} M_AXI_HPM1_FPD {memport "M_AXI_GP" sptag "" memory "" is_range "false"}} [get_bd_cells /zynq_ultra_ps_e_0]
set_property PFM.AXI_PORT {M_AXI_HPM0_FPD {memport "M_AXI_GP" sptag "" memory "" is_range "false"} M_AXI_HPM1_FPD {memport "M_AXI_GP" sptag "" memory "" is_range "false"} S_AXI_HP0_FPD {memport "S_AXI_HP" sptag "" memory "" is_range "false"}} [get_bd_cells /zynq_ultra_ps_e_0]
set_property PFM.AXI_PORT {M_AXI_HPM0_FPD {memport "M_AXI_GP" sptag "" memory "" is_range "false"} M_AXI_HPM1_FPD {memport "M_AXI_GP" sptag "" memory "" is_range "false"} S_AXI_HP0_FPD {memport "S_AXI_HP" sptag "" memory "" is_range "false"} S_AXI_HP1_FPD {memport "S_AXI_HP" sptag "" memory "" is_range "false"}} [get_bd_cells /zynq_ultra_ps_e_0]
set_property PFM.AXI_PORT {M_AXI_HPM0_FPD {memport "M_AXI_GP" sptag "" memory "" is_range "false"} M_AXI_HPM1_FPD {memport "M_AXI_GP" sptag "" memory "" is_range "false"} S_AXI_HP0_FPD {memport "S_AXI_HP" sptag "" memory "" is_range "false"} S_AXI_HP1_FPD {memport "S_AXI_HP" sptag "" memory "" is_range "false"} S_AXI_HP2_FPD {memport "S_AXI_HP" sptag "" memory "" is_range "false"}} [get_bd_cells /zynq_ultra_ps_e_0]
set_property PFM.AXI_PORT {M_AXI_HPM0_FPD {memport "M_AXI_GP" sptag "" memory "" is_range "false"} M_AXI_HPM1_FPD {memport "M_AXI_GP" sptag "" memory "" is_range "false"} S_AXI_HP0_FPD {memport "S_AXI_HP" sptag "" memory "" is_range "false"} S_AXI_HP1_FPD {memport "S_AXI_HP" sptag "" memory "" is_range "false"} S_AXI_HP2_FPD {memport "S_AXI_HP" sptag "" memory "" is_range "false"} S_AXI_HP3_FPD {memport "S_AXI_HP" sptag "" memory "" is_range "false"}} [get_bd_cells /zynq_ultra_ps_e_0]
set_property PFM.AXI_PORT {M_AXI_HPM0_FPD {memport "M_AXI_GP" sptag "" memory "" is_range "false"} M_AXI_HPM1_FPD {memport "M_AXI_GP" sptag "" memory "" is_range "false"} S_AXI_HPC0_FPD {memport "S_AXI_HPC" sptag "" memory "" is_range "false"} S_AXI_HP0_FPD {memport "S_AXI_HP" sptag "" memory "" is_range "false"} S_AXI_HP1_FPD {memport "S_AXI_HP" sptag "" memory "" is_range "false"} S_AXI_HP2_FPD {memport "S_AXI_HP" sptag "" memory "" is_range "false"} S_AXI_HP3_FPD {memport "S_AXI_HP" sptag "" memory "" is_range "false"}} [get_bd_cells /zynq_ultra_ps_e_0]
set_property PFM.AXI_PORT {M_AXI_HPM0_FPD {memport "M_AXI_GP" sptag "" memory "" is_range "false"} M_AXI_HPM1_FPD {memport "M_AXI_GP" sptag "" memory "" is_range "false"} S_AXI_HPC0_FPD {memport "S_AXI_HPC" sptag "" memory "" is_range "false"} S_AXI_HPC1_FPD {memport "S_AXI_HPC" sptag "" memory "" is_range "false"} S_AXI_HP0_FPD {memport "S_AXI_HP" sptag "" memory "" is_range "false"} S_AXI_HP1_FPD {memport "S_AXI_HP" sptag "" memory "" is_range "false"} S_AXI_HP2_FPD {memport "S_AXI_HP" sptag "" memory "" is_range "false"} S_AXI_HP3_FPD {memport "S_AXI_HP" sptag "" memory "" is_range "false"}} [get_bd_cells /zynq_ultra_ps_e_0]
disconnect_bd_net /clk_wiz_0_clk_out2 [get_bd_pins proc_sys_reset_1/slowest_sync_clk]
connect_bd_net [get_bd_pins clk_wiz_0/clk_out1] [get_bd_pins proc_sys_reset_1/slowest_sync_clk]
validate_bd_design
undo
undo
undo
undo
undo
undo
undo
undo
undo
undo
undo
undo
undo
undo
undo
undo
undo
undo
startgroup
endgroup
startgroup
apply_bd_automation -rule xilinx.com:bd_rule:axi4 -config { Clk_master {/clk_wiz_0/clk_out2 (199 MHz)} Clk_slave {/clk_wiz_0/clk_out2 (199 MHz)} Clk_xbar {/clk_wiz_0/clk_out2 (199 MHz)} Master {/zynq_ultra_ps_e_0/M_AXI_HPM0_LPD} Slave {/axi_intc_0/s_axi} ddr_seg {Auto} intc_ip {New AXI SmartConnect} master_apm {0}}  [get_bd_intf_pins axi_intc_0/s_axi]
apply_bd_automation -rule xilinx.com:bd_rule:board -config { Manual_Source {/zynq_ultra_ps_e_0/pl_resetn0 (ACTIVE_LOW)}}  [get_bd_pins proc_sys_reset_1/ext_reset_in]
apply_bd_automation -rule xilinx.com:bd_rule:clkrst -config { Clk {/clk_wiz_0/clk_out2 (199 MHz)} Freq {199} Ref_Clk0 {None} Ref_Clk1 {None} Ref_Clk2 {None}}  [get_bd_pins proc_sys_reset_1/slowest_sync_clk]
endgroup
set_property PFM.CLOCK {pl_clk0 {id "0" is_default "false" proc_sys_reset "" status "fixed" freq_hz "99999001"}} [get_bd_cells /zynq_ultra_ps_e_0]
set_property PFM.CLOCK {pl_clk0 {id "0" is_default "false" proc_sys_reset "" status "fixed" freq_hz "99999001"} pl_clk1 {id "1" is_default "false" proc_sys_reset "" status "fixed" freq_hz "99999001"}} [get_bd_cells /zynq_ultra_ps_e_0]
set_property pfm_name kria_bd [get_files {kria_bd.bd}]
set_property PFM.CLOCK {pl_clk0 {id "0" is_default "false" proc_sys_reset "" status "fixed" freq_hz "99999001"} pl_clk1 {id "1" is_default "true" proc_sys_reset "" status "fixed" freq_hz "99999001"}} [get_bd_cells /zynq_ultra_ps_e_0]
save_bd_design
validate_bd_design
startgroup
set_property -dict [list CONFIG.PRIM_IN_FREQ.VALUE_SRC USER] [get_bd_cells clk_wiz_0]
endgroup
validate_bd_design
startgroup
set_property CONFIG.PSU__FPGA_PL1_ENABLE {0} [get_bd_cells zynq_ultra_ps_e_0]
endgroup
save_bd_design
validate_bd_design
delete_bd_objs [get_bd_nets clk_wiz_0_locked]
delete_bd_objs [get_bd_nets clk_wiz_0_clk_out2]
delete_bd_objs [get_bd_nets zynq_ultra_ps_e_0_pl_clk0]
delete_bd_objs [get_bd_nets zynq_ultra_ps_e_0_pl_resetn0]
delete_bd_objs [get_bd_nets proc_sys_reset_0_peripheral_aresetn]
delete_bd_objs [get_bd_intf_nets axi_smc_M00_AXI]
delete_bd_objs [get_bd_intf_nets zynq_ultra_ps_e_0_M_AXI_HPM0_LPD]
save_bd_design
delete_bd_objs [get_bd_cells proc_sys_reset_1]
set_property -dict [list CONFIG.PRIM_IN_FREQ.VALUE_SRC PROPAGATED] [get_bd_cells clk_wiz_0]
set_property -dict [list \
  CONFIG.CLKOUT1_JITTER {102.086} \
  CONFIG.CLKOUT1_PHASE_ERROR {87.180} \
  CONFIG.CLKOUT1_REQUESTED_OUT_FREQ {200.000} \
  CONFIG.CLKOUT2_USED {false} \
  CONFIG.MMCM_CLKOUT0_DIVIDE_F {6.000} \
  CONFIG.MMCM_CLKOUT1_DIVIDE {1} \
  CONFIG.NUM_OUT_CLKS {1} \
] [get_bd_cells clk_wiz_0]
startgroup
apply_bd_automation -rule xilinx.com:bd_rule:axi4 -config { Clk_master {Auto} Clk_slave {Auto} Clk_xbar {/clk_wiz_0/clk_out1 (199 MHz)} Master {/zynq_ultra_ps_e_0/M_AXI_HPM0_LPD} Slave {/axi_intc_0/s_axi} ddr_seg {Auto} intc_ip {/axi_smc} master_apm {0}}  [get_bd_intf_pins axi_intc_0/s_axi]
apply_bd_automation -rule xilinx.com:bd_rule:board -config { Clk {/zynq_ultra_ps_e_0/pl_clk0 (99 MHz)} Manual_Source {Auto}}  [get_bd_pins clk_wiz_0/clk_in1]
apply_bd_automation -rule xilinx.com:bd_rule:board -config { Manual_Source {/zynq_ultra_ps_e_0/pl_resetn0 (ACTIVE_LOW)}}  [get_bd_pins clk_wiz_0/resetn]
apply_bd_automation -rule xilinx.com:bd_rule:board -config { Manual_Source {/zynq_ultra_ps_e_0/pl_resetn0 (ACTIVE_LOW)}}  [get_bd_pins proc_sys_reset_0/ext_reset_in]
endgroup
connect_bd_net [get_bd_pins axi_intc_0/irq] [get_bd_pins zynq_ultra_ps_e_0/pl_ps_irq0]
save_bd_design
validate_bd_design
startgroup
delete_bd_objs [get_bd_intf_nets axi_smc_M00_AXI] [get_bd_intf_nets zynq_ultra_ps_e_0_M_AXI_HPM0_LPD]
delete_bd_objs [get_bd_nets rst_ps8_0_99M_peripheral_aresetn] [get_bd_nets clk_wiz_0_clk_out1] [get_bd_nets zynq_ultra_ps_e_0_pl_resetn0] [get_bd_nets proc_sys_reset_0_peripheral_aresetn] [get_bd_nets axi_intc_0_irq] [get_bd_nets clk_wiz_0_locked] [get_bd_nets zynq_ultra_ps_e_0_pl_clk0]
delete_bd_objs [get_bd_cells axi_smc] [get_bd_cells zynq_ultra_ps_e_0] [get_bd_cells axi_intc_0] [get_bd_cells proc_sys_reset_0] [get_bd_cells clk_wiz_0] [get_bd_cells rst_ps8_0_99M]
endgroup
startgroup
create_bd_cell -type ip -vlnv xilinx.com:ip:zynq_ultra_ps_e:3.5 zynq_ultra_ps_e_0
endgroup
apply_bd_automation -rule xilinx.com:bd_rule:zynq_ultra_ps_e -config {apply_board_preset "1" }  [get_bd_cells zynq_ultra_ps_e_0]
set_property -dict [list \
  CONFIG.PSU__USE__M_AXI_GP0 {0} \
  CONFIG.PSU__USE__M_AXI_GP1 {0} \
  CONFIG.PSU__USE__M_AXI_GP2 {1} \
] [get_bd_cells zynq_ultra_ps_e_0]
startgroup
create_bd_cell -type ip -vlnv xilinx.com:ip:clk_wiz:6.0 clk_wiz_0
endgroup
set_property -dict [list \
  CONFIG.CLKOUT2_JITTER {102.086} \
  CONFIG.CLKOUT2_PHASE_ERROR {87.180} \
  CONFIG.CLKOUT2_REQUESTED_OUT_FREQ {200.000} \
  CONFIG.CLKOUT2_USED {true} \
  CONFIG.MMCM_CLKOUT1_DIVIDE {6} \
  CONFIG.NUM_OUT_CLKS {2} \
  CONFIG.RESET_PORT {resetn} \
  CONFIG.RESET_TYPE {ACTIVE_LOW} \
] [get_bd_cells clk_wiz_0]
startgroup
create_bd_cell -type ip -vlnv xilinx.com:ip:proc_sys_reset:5.0 proc_sys_reset_0
endgroup
startgroup
create_bd_cell -type ip -vlnv xilinx.com:ip:axi_intc:4.1 axi_intc_0
endgroup
set_property -dict [list \
  CONFIG.C_IRQ_CONNECTION {1} \
  CONFIG.C_PROCESSOR_CLK_FREQ_MHZ {200.0} \
  CONFIG.C_S_AXI_ACLK_FREQ_MHZ {200.0} \
] [get_bd_cells axi_intc_0]
startgroup
apply_bd_automation -rule xilinx.com:bd_rule:axi4 -config { Clk_master {/clk_wiz_0/clk_out2 (200 MHz)} Clk_slave {/clk_wiz_0/clk_out2 (200 MHz)} Clk_xbar {/clk_wiz_0/clk_out2 (200 MHz)} Master {/zynq_ultra_ps_e_0/M_AXI_HPM0_LPD} Slave {/axi_intc_0/s_axi} ddr_seg {Auto} intc_ip {New AXI SmartConnect} master_apm {0}}  [get_bd_intf_pins axi_intc_0/s_axi]
apply_bd_automation -rule xilinx.com:bd_rule:board -config { Clk {/zynq_ultra_ps_e_0/pl_clk0 (99 MHz)} Manual_Source {Auto}}  [get_bd_pins clk_wiz_0/clk_in1]
apply_bd_automation -rule xilinx.com:bd_rule:board -config { Manual_Source {/zynq_ultra_ps_e_0/pl_resetn0 (ACTIVE_LOW)}}  [get_bd_pins clk_wiz_0/resetn]
apply_bd_automation -rule xilinx.com:bd_rule:board -config { Manual_Source {/zynq_ultra_ps_e_0/pl_resetn0 (ACTIVE_LOW)}}  [get_bd_pins proc_sys_reset_0/ext_reset_in]
endgroup
startgroup
set_property -dict [list CONFIG.PRIM_IN_FREQ.VALUE_SRC USER] [get_bd_cells clk_wiz_0]
set_property -dict [list \
  CONFIG.CLKIN1_JITTER_PS {101.01000000000002} \
  CONFIG.CLKOUT1_JITTER {115.826} \
  CONFIG.CLKOUT1_PHASE_ERROR {87.159} \
  CONFIG.CLKOUT2_JITTER {102.089} \
  CONFIG.CLKOUT2_PHASE_ERROR {87.159} \
  CONFIG.MMCM_CLKFBOUT_MULT_F {12.125} \
  CONFIG.MMCM_CLKIN1_PERIOD {10.101} \
  CONFIG.PRIM_IN_FREQ {99.0} \
] [get_bd_cells clk_wiz_0]
endgroup
connect_bd_net [get_bd_pins axi_intc_0/irq] [get_bd_pins zynq_ultra_ps_e_0/pl_ps_irq0]
validate_bd_design
set_property PFM.CLOCK {pl_clk0 {id "4" is_default "false" proc_sys_reset "" status "fixed" freq_hz "99999001"}} [get_bd_cells /zynq_ultra_ps_e_0]
set_property PFM.CLOCK {pl_clk0 {id "4" is_default "false" proc_sys_reset "" status "fixed" freq_hz "99999001"} pl_clk1 {id "5" is_default "false" proc_sys_reset "" status "fixed" freq_hz "99999001"}} [get_bd_cells /zynq_ultra_ps_e_0]
set_property PFM.CLOCK {pl_clk0 {id "4" is_default "false" proc_sys_reset "" status "fixed" freq_hz "99999001"} pl_clk1 {id "5" is_default "true" proc_sys_reset "" status "fixed" freq_hz "99999001"}} [get_bd_cells /zynq_ultra_ps_e_0]
set_property PFM.AXI_PORT {M_AXI_HPM0_FPD {memport "M_AXI_GP" sptag "" memory "" is_range "false"}} [get_bd_cells /zynq_ultra_ps_e_0]
set_property PFM.AXI_PORT {M_AXI_HPM0_FPD {memport "M_AXI_GP" sptag "" memory "" is_range "false"} M_AXI_HPM1_FPD {memport "M_AXI_GP" sptag "" memory "" is_range "false"}} [get_bd_cells /zynq_ultra_ps_e_0]
set_property PFM.AXI_PORT {M_AXI_HPM0_FPD {memport "M_AXI_GP" sptag "" memory "" is_range "false"} M_AXI_HPM1_FPD {memport "M_AXI_GP" sptag "" memory "" is_range "false"} S_AXI_HP0_FPD {memport "S_AXI_HP" sptag "" memory "" is_range "false"}} [get_bd_cells /zynq_ultra_ps_e_0]
set_property PFM.AXI_PORT {M_AXI_HPM0_FPD {memport "M_AXI_GP" sptag "" memory "" is_range "false"} M_AXI_HPM1_FPD {memport "M_AXI_GP" sptag "" memory "" is_range "false"} S_AXI_HP0_FPD {memport "S_AXI_HP" sptag "" memory "" is_range "false"} S_AXI_HP1_FPD {memport "S_AXI_HP" sptag "" memory "" is_range "false"}} [get_bd_cells /zynq_ultra_ps_e_0]
set_property PFM.AXI_PORT {M_AXI_HPM0_FPD {memport "M_AXI_GP" sptag "" memory "" is_range "false"} M_AXI_HPM1_FPD {memport "M_AXI_GP" sptag "" memory "" is_range "false"} S_AXI_HP0_FPD {memport "S_AXI_HP" sptag "" memory "" is_range "false"} S_AXI_HP1_FPD {memport "S_AXI_HP" sptag "" memory "" is_range "false"} S_AXI_HP2_FPD {memport "S_AXI_HP" sptag "" memory "" is_range "false"}} [get_bd_cells /zynq_ultra_ps_e_0]
set_property PFM.AXI_PORT {M_AXI_HPM0_FPD {memport "M_AXI_GP" sptag "" memory "" is_range "false"} M_AXI_HPM1_FPD {memport "M_AXI_GP" sptag "" memory "" is_range "false"} S_AXI_HP0_FPD {memport "S_AXI_HP" sptag "" memory "" is_range "false"} S_AXI_HP1_FPD {memport "S_AXI_HP" sptag "" memory "" is_range "false"} S_AXI_HP2_FPD {memport "S_AXI_HP" sptag "" memory "" is_range "false"} S_AXI_HP3_FPD {memport "S_AXI_HP" sptag "" memory "" is_range "false"}} [get_bd_cells /zynq_ultra_ps_e_0]
set_property PFM.AXI_PORT {M_AXI_HPM0_FPD {memport "M_AXI_GP" sptag "" memory "" is_range "false"} M_AXI_HPM1_FPD {memport "M_AXI_GP" sptag "" memory "" is_range "false"} S_AXI_HPC0_FPD {memport "S_AXI_HPC" sptag "" memory "" is_range "false"} S_AXI_HP0_FPD {memport "S_AXI_HP" sptag "" memory "" is_range "false"} S_AXI_HP1_FPD {memport "S_AXI_HP" sptag "" memory "" is_range "false"} S_AXI_HP2_FPD {memport "S_AXI_HP" sptag "" memory "" is_range "false"} S_AXI_HP3_FPD {memport "S_AXI_HP" sptag "" memory "" is_range "false"}} [get_bd_cells /zynq_ultra_ps_e_0]
set_property PFM.AXI_PORT {M_AXI_HPM0_FPD {memport "M_AXI_GP" sptag "" memory "" is_range "false"} M_AXI_HPM1_FPD {memport "M_AXI_GP" sptag "" memory "" is_range "false"} S_AXI_HPC0_FPD {memport "S_AXI_HPC" sptag "" memory "" is_range "false"} S_AXI_HPC1_FPD {memport "S_AXI_HPC" sptag "" memory "" is_range "false"} S_AXI_HP0_FPD {memport "S_AXI_HP" sptag "" memory "" is_range "false"} S_AXI_HP1_FPD {memport "S_AXI_HP" sptag "" memory "" is_range "false"} S_AXI_HP2_FPD {memport "S_AXI_HP" sptag "" memory "" is_range "false"} S_AXI_HP3_FPD {memport "S_AXI_HP" sptag "" memory "" is_range "false"}} [get_bd_cells /zynq_ultra_ps_e_0]
set_property PFM.CLOCK {pl_clk0 {id "4" is_default "false" proc_sys_reset "" status "fixed" freq_hz "99999001"}} [get_bd_cells /zynq_ultra_ps_e_0]
set_property PFM.CLOCK {pl_clk0 {id "4" is_default "true" proc_sys_reset "" status "fixed" freq_hz "99999001"}} [get_bd_cells /zynq_ultra_ps_e_0]
set_property PFM.CLOCK {pl_clk0 {id "4" is_default "true" proc_sys_reset "" status "fixed" freq_hz "99999001"} pl_clk1 {id "5" is_default "false" proc_sys_reset "" status "fixed" freq_hz "99999001"}} [get_bd_cells /zynq_ultra_ps_e_0]
set_property PFM.CLOCK {pl_clk1 {id "5" is_default "false" proc_sys_reset "" status "fixed" freq_hz "99999001"}} [get_bd_cells /zynq_ultra_ps_e_0]
set_property PFM.CLOCK {pl_clk1 {id "5" is_default "true" proc_sys_reset "" status "fixed" freq_hz "99999001"}} [get_bd_cells /zynq_ultra_ps_e_0]
validate_bd_design
copy_bd_objs /  [get_bd_cells {proc_sys_reset_0}]
connect_bd_net [get_bd_pins zynq_ultra_ps_e_0/pl_clk1] [get_bd_pins proc_sys_reset_1/slowest_sync_clk]
connect_bd_net [get_bd_pins proc_sys_reset_1/ext_reset_in] [get_bd_pins zynq_ultra_ps_e_0/pl_resetn0]
save_bd_design
validate_bd_design
copy_bd_objs /  [get_bd_cells {clk_wiz_0}]
delete_bd_objs [get_bd_nets zynq_ultra_ps_e_0_pl_clk1]
connect_bd_net [get_bd_pins zynq_ultra_ps_e_0/pl_clk1] [get_bd_pins clk_wiz_1/clk_in1]
startgroup
connect_bd_net [get_bd_pins clk_wiz_1/clk_out2] [get_bd_pins proc_sys_reset_1/slowest_sync_clk]
endgroup
startgroup
set_property CONFIG.PSU__FPGA_PL1_ENABLE {0} [get_bd_cells zynq_ultra_ps_e_0]
delete_bd_objs [get_bd_nets zynq_ultra_ps_e_0_pl_clk1]
endgroup
delete_bd_objs [get_bd_nets clk_wiz_1_clk_out2] [get_bd_cells clk_wiz_1]
delete_bd_objs [get_bd_cells proc_sys_reset_1]
startgroup
set_property -dict [list \
  CONFIG.CLKOUT1_JITTER {112.940} \
  CONFIG.CLKOUT1_PHASE_ERROR {85.164} \
  CONFIG.CLKOUT2_USED {false} \
  CONFIG.MMCM_CLKFBOUT_MULT_F {12.500} \
  CONFIG.MMCM_CLKOUT0_DIVIDE_F {12.375} \
  CONFIG.MMCM_CLKOUT1_DIVIDE {1} \
  CONFIG.NUM_OUT_CLKS {1} \
] [get_bd_cells clk_wiz_0]
endgroup
startgroup
set_property -dict [list \
  CONFIG.C_PROCESSOR_CLK_FREQ_MHZ {100} \
  CONFIG.C_S_AXI_ACLK_FREQ_MHZ {100} \
] [get_bd_cells axi_intc_0]
endgroup
startgroup
apply_bd_automation -rule xilinx.com:bd_rule:clkrst -config { Clk {/zynq_ultra_ps_e_0/pl_clk0 (99 MHz)} Freq {99} Ref_Clk0 {} Ref_Clk1 {} Ref_Clk2 {}}  [get_bd_pins axi_intc_0/s_axi_aclk]
endgroup
disconnect_bd_net /zynq_ultra_ps_e_0_pl_clk0 [get_bd_pins zynq_ultra_ps_e_0/pl_clk0]
disconnect_bd_net /zynq_ultra_ps_e_0_pl_clk0 [get_bd_pins clk_wiz_0/clk_in1]
connect_bd_net [get_bd_pins clk_wiz_0/clk_in1] [get_bd_pins zynq_ultra_ps_e_0/pl_clk0]
connect_bd_net [get_bd_pins clk_wiz_0/clk_out1] [get_bd_pins axi_smc/aclk]
save_bd_design
validate_bd_design
startgroup
set_property -dict [list \
  CONFIG.PSU__CRL_APB__PL1_REF_CTRL__SRCSEL {IOPLL} \
  CONFIG.PSU__FPGA_PL1_ENABLE {1} \
] [get_bd_cells zynq_ultra_ps_e_0]
endgroup
save_bd_design
validate_bd_design
copy_bd_objs /  [get_bd_cells {proc_sys_reset_0}]
copy_bd_objs /  [get_bd_cells {clk_wiz_0}]
connect_bd_net [get_bd_pins clk_wiz_1/clk_in1] [get_bd_pins zynq_ultra_ps_e_0/pl_clk1]
connect_bd_net [get_bd_pins clk_wiz_1/resetn] [get_bd_pins zynq_ultra_ps_e_0/pl_resetn0]
connect_bd_net [get_bd_pins clk_wiz_1/clk_out1] [get_bd_pins proc_sys_reset_1/slowest_sync_clk]
connect_bd_net [get_bd_pins clk_wiz_1/locked] [get_bd_pins proc_sys_reset_1/dcm_locked]
save_bd_design
validate_bd_design
apply_bd_automation -rule xilinx.com:bd_rule:board -config { Manual_Source {/zynq_ultra_ps_e_0/pl_resetn0 (ACTIVE_LOW)}}  [get_bd_pins proc_sys_reset_1/ext_reset_in]
save_bd_design
validate_bd_design
startgroup
set_property CONFIG.PSU__USE__FABRIC__RST {0} [get_bd_cells zynq_ultra_ps_e_0]
endgroup
startgroup
set_property CONFIG.PSU__USE__FABRIC__RST {1} [get_bd_cells zynq_ultra_ps_e_0]
endgroup
startgroup
set_property CONFIG.PSU__USE__FABRIC__RST {1} [get_bd_cells zynq_ultra_ps_e_0]
endgroup
validate_bd_design
startgroup
delete_bd_objs [get_bd_intf_nets axi_smc_M00_AXI] [get_bd_intf_nets zynq_ultra_ps_e_0_M_AXI_HPM0_LPD]
delete_bd_objs [get_bd_nets zynq_ultra_ps_e_0_pl_resetn0] [get_bd_nets proc_sys_reset_0_peripheral_aresetn] [get_bd_nets axi_intc_0_irq] [get_bd_nets clk_wiz_0_locked] [get_bd_nets clk_wiz_1_locked] [get_bd_nets clk_wiz_1_clk_out1] [get_bd_nets zynq_ultra_ps_e_0_pl_clk0] [get_bd_nets zynq_ultra_ps_e_0_pl_clk1] [get_bd_nets zynq_ultra_ps_e_0_pl_clk2]
delete_bd_objs [get_bd_cells clk_wiz_1] [get_bd_cells axi_smc] [get_bd_cells zynq_ultra_ps_e_0] [get_bd_cells axi_intc_0] [get_bd_cells proc_sys_reset_0] [get_bd_cells proc_sys_reset_1] [get_bd_cells clk_wiz_0]
endgroup
startgroup
create_bd_cell -type ip -vlnv xilinx.com:ip:zynq_ultra_ps_e:3.5 zynq_ultra_ps_e_0
endgroup
apply_bd_automation -rule xilinx.com:bd_rule:zynq_ultra_ps_e -config {apply_board_preset "1" }  [get_bd_cells zynq_ultra_ps_e_0]
undo
startgroup
create_bd_cell -type ip -vlnv xilinx.com:ip:axi_intc:4.1 axi_intc_0
endgroup
startgroup
create_bd_cell -type ip -vlnv xilinx.com:ip:clk_wiz:6.0 clk_wiz_0
endgroup
startgroup
apply_bd_automation -rule xilinx.com:bd_rule:axi4 -config { Clk_master {Auto} Clk_slave {Auto} Clk_xbar {Auto} Master {/zynq_ultra_ps_e_0/M_AXI_HPM0_LPD} Slave {/axi_intc_0/s_axi} ddr_seg {Auto} intc_ip {New AXI SmartConnect} master_apm {0}}  [get_bd_intf_pins axi_intc_0/s_axi]
apply_bd_automation -rule xilinx.com:bd_rule:board -config { Clk {/zynq_ultra_ps_e_0/pl_clk0 (96 MHz)} Manual_Source {Auto}}  [get_bd_pins clk_wiz_0/clk_in1]
apply_bd_automation -rule xilinx.com:bd_rule:board -config { Manual_Source {New External Port (ACTIVE_HIGH)}}  [get_bd_pins clk_wiz_0/reset]
endgroup
disconnect_bd_net /zynq_ultra_ps_e_0_pl_clk0 [get_bd_pins zynq_ultra_ps_e_0/pl_clk0]
disconnect_bd_net /zynq_ultra_ps_e_0_pl_clk0 [get_bd_pins clk_wiz_0/clk_in1]
connect_bd_net [get_bd_pins zynq_ultra_ps_e_0/pl_clk0] [get_bd_pins clk_wiz_0/clk_in1]
connect_bd_net [get_bd_pins clk_wiz_0/clk_out1] [get_bd_pins zynq_ultra_ps_e_0/maxihpm0_lpd_aclk]
validate_bd_design
apply_bd_automation -rule xilinx.com:bd_rule:zynq_ultra_ps_e -config {apply_board_preset "1" }  [get_bd_cells zynq_ultra_ps_e_0]
validate_bd_design
save_bd_design
startgroup
apply_bd_automation -rule xilinx.com:bd_rule:axi4 -config { Clk_master {Auto} Clk_slave {/clk_wiz_0/clk_out1 (100 MHz)} Clk_xbar {/clk_wiz_0/clk_out1 (100 MHz)} Master {/zynq_ultra_ps_e_0/M_AXI_HPM0_FPD} Slave {/axi_intc_0/s_axi} ddr_seg {Auto} intc_ip {/axi_smc} master_apm {0}}  [get_bd_intf_pins zynq_ultra_ps_e_0/M_AXI_HPM0_FPD]
apply_bd_automation -rule xilinx.com:bd_rule:axi4 -config { Clk_master {Auto} Clk_slave {/clk_wiz_0/clk_out1 (100 MHz)} Clk_xbar {/clk_wiz_0/clk_out1 (100 MHz)} Master {/zynq_ultra_ps_e_0/M_AXI_HPM1_FPD} Slave {/axi_intc_0/s_axi} ddr_seg {Auto} intc_ip {/axi_smc} master_apm {0}}  [get_bd_intf_pins zynq_ultra_ps_e_0/M_AXI_HPM1_FPD]
endgroup
validate_bd_design
startgroup
delete_bd_objs [get_bd_intf_nets zynq_ultra_ps_e_0_M_AXI_HPM1_FPD] [get_bd_intf_nets axi_smc_M00_AXI] [get_bd_intf_nets zynq_ultra_ps_e_0_M_AXI_HPM0_LPD]
delete_bd_objs [get_bd_nets zynq_ultra_ps_e_0_pl_resetn0] [get_bd_nets reset_rtl_1] [get_bd_nets rst_ps8_0_96M_peripheral_aresetn] [get_bd_nets zynq_ultra_ps_e_0_pl_clk0] [get_bd_nets zynq_ultra_ps_e_0_pl_clk1]
delete_bd_objs [get_bd_ports reset_rtl]
delete_bd_objs [get_bd_cells axi_smc] [get_bd_cells zynq_ultra_ps_e_0] [get_bd_cells axi_intc_0] [get_bd_cells rst_ps8_0_96M] [get_bd_cells clk_wiz_0]
endgroup
startgroup
create_bd_cell -type ip -vlnv xilinx.com:ip:zynq_ultra_ps_e:3.5 zynq_ultra_ps_e_0
endgroup
apply_bd_automation -rule xilinx.com:bd_rule:zynq_ultra_ps_e -config {apply_board_preset "1" }  [get_bd_cells zynq_ultra_ps_e_0]
set_property -dict [list \
  CONFIG.PSU__USE__M_AXI_GP0 {0} \
  CONFIG.PSU__USE__M_AXI_GP1 {0} \
  CONFIG.PSU__USE__M_AXI_GP2 {1} \
] [get_bd_cells zynq_ultra_ps_e_0]
startgroup
create_bd_cell -type ip -vlnv xilinx.com:ip:axi_intc:4.1 axi_intc_0
endgroup
startgroup
create_bd_cell -type ip -vlnv xilinx.com:ip:clk_wiz:6.0 clk_wiz_0
endgroup
set_property -dict [list \
  CONFIG.CLKOUT2_JITTER {102.086} \
  CONFIG.CLKOUT2_PHASE_ERROR {87.180} \
  CONFIG.CLKOUT2_REQUESTED_OUT_FREQ {200.000} \
  CONFIG.CLKOUT2_USED {true} \
  CONFIG.MMCM_CLKOUT1_DIVIDE {6} \
  CONFIG.NUM_OUT_CLKS {2} \
  CONFIG.RESET_PORT {resetn} \
  CONFIG.RESET_TYPE {ACTIVE_LOW} \
] [get_bd_cells clk_wiz_0]
startgroup
create_bd_cell -type ip -vlnv xilinx.com:ip:proc_sys_reset:5.0 proc_sys_reset_0
endgroup
startgroup
apply_bd_automation -rule xilinx.com:bd_rule:axi4 -config { Clk_master {/clk_wiz_0/clk_out2 (200 MHz)} Clk_slave {/clk_wiz_0/clk_out2 (200 MHz)} Clk_xbar {/clk_wiz_0/clk_out2 (200 MHz)} Master {/zynq_ultra_ps_e_0/M_AXI_HPM0_LPD} Slave {/axi_intc_0/s_axi} ddr_seg {Auto} intc_ip {New AXI SmartConnect} master_apm {0}}  [get_bd_intf_pins axi_intc_0/s_axi]
apply_bd_automation -rule xilinx.com:bd_rule:board -config { Clk {/zynq_ultra_ps_e_0/pl_clk0 (99 MHz)} Manual_Source {Auto}}  [get_bd_pins clk_wiz_0/clk_in1]
apply_bd_automation -rule xilinx.com:bd_rule:board -config { Manual_Source {/zynq_ultra_ps_e_0/pl_resetn0 (ACTIVE_LOW)}}  [get_bd_pins clk_wiz_0/resetn]
apply_bd_automation -rule xilinx.com:bd_rule:board -config { Manual_Source {/zynq_ultra_ps_e_0/pl_resetn0 (ACTIVE_LOW)}}  [get_bd_pins proc_sys_reset_0/ext_reset_in]
endgroup
startgroup
set_property CONFIG.C_IRQ_CONNECTION {1} [get_bd_cells axi_intc_0]
endgroup
connect_bd_net [get_bd_pins axi_intc_0/irq] [get_bd_pins zynq_ultra_ps_e_0/pl_ps_irq0]
validate_bd_design
set_property PFM.CLOCK {pl_clk0 {id "14" is_default "false" proc_sys_reset "" status "fixed" freq_hz "99999001"}} [get_bd_cells /zynq_ultra_ps_e_0]
set_property PFM.CLOCK {pl_clk0 {id "14" is_default "false" proc_sys_reset "" status "fixed" freq_hz "99999001"} pl_clk1 {id "15" is_default "false" proc_sys_reset "" status "fixed" freq_hz "99999001"}} [get_bd_cells /zynq_ultra_ps_e_0]
set_property PFM.CLOCK {pl_clk0 {id "14" is_default "false" proc_sys_reset "" status "fixed" freq_hz "99999001"} pl_clk1 {id "15" is_default "true" proc_sys_reset "" status "fixed" freq_hz "99999001"}} [get_bd_cells /zynq_ultra_ps_e_0]
set_property PFM.CLOCK {pl_clk0 {id "14" is_default "false" proc_sys_reset "" status "fixed" freq_hz "99999001"} pl_clk1 {id "15" is_default "true" proc_sys_reset "" status "fixed" freq_hz "99999001"}} [get_bd_cells /zynq_ultra_ps_e_0]
set_property PFM.CLOCK {pl_clk0 {id "14" is_default "true" proc_sys_reset "" status "fixed" freq_hz "99999001"} pl_clk1 {id "15" is_default "true" proc_sys_reset "" status "fixed" freq_hz "99999001"}} [get_bd_cells /zynq_ultra_ps_e_0]
set_property PFM.CLOCK {pl_clk0 {id "14" is_default "true" proc_sys_reset "" status "fixed" freq_hz "99999001"} pl_clk1 {id "15" is_default "false" proc_sys_reset "" status "fixed" freq_hz "99999001"}} [get_bd_cells /zynq_ultra_ps_e_0]
set_property PFM.CLOCK {pl_clk0 {id "14" is_default "false" proc_sys_reset "" status "fixed" freq_hz "99999001"} pl_clk1 {id "15" is_default "false" proc_sys_reset "" status "fixed" freq_hz "99999001"}} [get_bd_cells /zynq_ultra_ps_e_0]
set_property PFM.CLOCK {pl_clk0 {id "14" is_default "false" proc_sys_reset "" status "fixed" freq_hz "99999001"} pl_clk1 {id "15" is_default "true" proc_sys_reset "" status "fixed" freq_hz "99999001"}} [get_bd_cells /zynq_ultra_ps_e_0]
set_property PFM.CLOCK {pl_clk0 {id "14" is_default "true" proc_sys_reset "" status "fixed" freq_hz "99999001"} pl_clk1 {id "15" is_default "true" proc_sys_reset "" status "fixed" freq_hz "99999001"}} [get_bd_cells /zynq_ultra_ps_e_0]
set_property PFM.CLOCK {pl_clk0 {id "14" is_default "true" proc_sys_reset "" status "fixed" freq_hz "99999001"} pl_clk1 {id "15" is_default "false" proc_sys_reset "" status "fixed" freq_hz "99999001"}} [get_bd_cells /zynq_ultra_ps_e_0]
set_property PFM.AXI_PORT {M_AXI_HPM0_FPD {memport "M_AXI_GP" sptag "" memory "" is_range "false"}} [get_bd_cells /zynq_ultra_ps_e_0]
set_property PFM.AXI_PORT {M_AXI_HPM0_FPD {memport "M_AXI_GP" sptag "" memory "" is_range "false"} M_AXI_HPM1_FPD {memport "M_AXI_GP" sptag "" memory "" is_range "false"}} [get_bd_cells /zynq_ultra_ps_e_0]
set_property PFM.AXI_PORT {M_AXI_HPM0_FPD {memport "M_AXI_GP" sptag "" memory "" is_range "false"} M_AXI_HPM1_FPD {memport "M_AXI_GP" sptag "" memory "" is_range "false"} S_AXI_HP0_FPD {memport "S_AXI_HP" sptag "" memory "" is_range "false"}} [get_bd_cells /zynq_ultra_ps_e_0]
set_property PFM.AXI_PORT {M_AXI_HPM0_FPD {memport "M_AXI_GP" sptag "" memory "" is_range "false"} M_AXI_HPM1_FPD {memport "M_AXI_GP" sptag "" memory "" is_range "false"} S_AXI_HP0_FPD {memport "S_AXI_HP" sptag "" memory "" is_range "false"} S_AXI_HP1_FPD {memport "S_AXI_HP" sptag "" memory "" is_range "false"}} [get_bd_cells /zynq_ultra_ps_e_0]
set_property PFM.AXI_PORT {M_AXI_HPM0_FPD {memport "M_AXI_GP" sptag "" memory "" is_range "false"} M_AXI_HPM1_FPD {memport "M_AXI_GP" sptag "" memory "" is_range "false"} S_AXI_HP0_FPD {memport "S_AXI_HP" sptag "" memory "" is_range "false"} S_AXI_HP1_FPD {memport "S_AXI_HP" sptag "" memory "" is_range "false"} S_AXI_HP2_FPD {memport "S_AXI_HP" sptag "" memory "" is_range "false"}} [get_bd_cells /zynq_ultra_ps_e_0]
set_property PFM.AXI_PORT {M_AXI_HPM0_FPD {memport "M_AXI_GP" sptag "" memory "" is_range "false"} M_AXI_HPM1_FPD {memport "M_AXI_GP" sptag "" memory "" is_range "false"} S_AXI_HP0_FPD {memport "S_AXI_HP" sptag "" memory "" is_range "false"} S_AXI_HP1_FPD {memport "S_AXI_HP" sptag "" memory "" is_range "false"} S_AXI_HP2_FPD {memport "S_AXI_HP" sptag "" memory "" is_range "false"} S_AXI_HP3_FPD {memport "S_AXI_HP" sptag "" memory "" is_range "false"}} [get_bd_cells /zynq_ultra_ps_e_0]
set_property PFM.AXI_PORT {M_AXI_HPM0_FPD {memport "M_AXI_GP" sptag "" memory "" is_range "false"} M_AXI_HPM1_FPD {memport "M_AXI_GP" sptag "" memory "" is_range "false"} S_AXI_HPC0_FPD {memport "S_AXI_HPC" sptag "" memory "" is_range "false"} S_AXI_HP0_FPD {memport "S_AXI_HP" sptag "" memory "" is_range "false"} S_AXI_HP1_FPD {memport "S_AXI_HP" sptag "" memory "" is_range "false"} S_AXI_HP2_FPD {memport "S_AXI_HP" sptag "" memory "" is_range "false"} S_AXI_HP3_FPD {memport "S_AXI_HP" sptag "" memory "" is_range "false"}} [get_bd_cells /zynq_ultra_ps_e_0]
set_property PFM.AXI_PORT {M_AXI_HPM0_FPD {memport "M_AXI_GP" sptag "" memory "" is_range "false"} M_AXI_HPM1_FPD {memport "M_AXI_GP" sptag "" memory "" is_range "false"} S_AXI_HPC0_FPD {memport "S_AXI_HPC" sptag "" memory "" is_range "false"} S_AXI_HPC1_FPD {memport "S_AXI_HPC" sptag "" memory "" is_range "false"} S_AXI_HP0_FPD {memport "S_AXI_HP" sptag "" memory "" is_range "false"} S_AXI_HP1_FPD {memport "S_AXI_HP" sptag "" memory "" is_range "false"} S_AXI_HP2_FPD {memport "S_AXI_HP" sptag "" memory "" is_range "false"} S_AXI_HP3_FPD {memport "S_AXI_HP" sptag "" memory "" is_range "false"}} [get_bd_cells /zynq_ultra_ps_e_0]
startgroup
set_property -dict [list \
  CONFIG.CLKOUT2_USED {false} \
  CONFIG.MMCM_CLKOUT1_DIVIDE {1} \
  CONFIG.NUM_OUT_CLKS {1} \
] [get_bd_cells clk_wiz_0]
endgroup
disconnect_bd_net /zynq_ultra_ps_e_0_pl_resetn0 [get_bd_pins clk_wiz_0/resetn]
connect_bd_net [get_bd_pins proc_sys_reset_0/peripheral_reset] [get_bd_pins clk_wiz_0/resetn]
delete_bd_objs [get_bd_nets proc_sys_reset_0_peripheral_reset]
connect_bd_net [get_bd_pins proc_sys_reset_0/peripheral_aresetn] [get_bd_pins clk_wiz_0/resetn]
save_bd_design
validate_bd_design
connect_bd_net [get_bd_pins clk_wiz_0/clk_out1] [get_bd_pins axi_smc/aclk]
validate_bd_design
disconnect_bd_net /proc_sys_reset_0_peripheral_aresetn [get_bd_pins clk_wiz_0/resetn]
set_property location {2 886 -293} [get_bd_cells clk_wiz_0]
connect_bd_net [get_bd_pins clk_wiz_0/resetn] [get_bd_pins zynq_ultra_ps_e_0/pl_resetn0]
validate_bd_design
regenerate_bd_layout
save_bd_design
validate_bd_design
set_property PFM.CLOCK {clk_out1 {id "16" is_default "false" proc_sys_reset "/proc_sys_reset_0" status "fixed" freq_hz "99999000"}} [get_bd_cells /clk_wiz_0]
set_property PFM.CLOCK {pl_clk1 {id "15" is_default "false" proc_sys_reset "" status "fixed" freq_hz "99999001"}} [get_bd_cells /zynq_ultra_ps_e_0]
set_property PFM.CLOCK {} [get_bd_cells /zynq_ultra_ps_e_0]
set_property PFM.CLOCK {pl_clk1 {id "15" is_default "false" proc_sys_reset "" status "fixed" freq_hz "99999001"}} [get_bd_cells /zynq_ultra_ps_e_0]
set_property PFM.CLOCK {} [get_bd_cells /zynq_ultra_ps_e_0]
set_property PFM.CLOCK {clk_out1 {id "16" is_default "true" proc_sys_reset "/proc_sys_reset_0" status "fixed" freq_hz "99999000"}} [get_bd_cells /clk_wiz_0]
set_property PFM.CLOCK {pl_clk0 {id "14" is_default "false" proc_sys_reset "" status "fixed" freq_hz "99999001"}} [get_bd_cells /zynq_ultra_ps_e_0]
set_property PFM.CLOCK {} [get_bd_cells /zynq_ultra_ps_e_0]
validate_bd_design
save_bd_design
startgroup
create_bd_cell -type ip -vlnv xilinx.com:ip:proc_sys_reset:5.0 proc_sys_reset_1
endgroup
startgroup
set_property -dict [list \
  CONFIG.CLKOUT2_USED {true} \
  CONFIG.MMCM_CLKOUT1_DIVIDE {6} \
  CONFIG.NUM_OUT_CLKS {2} \
] [get_bd_cells clk_wiz_0]
endgroup
connect_bd_net [get_bd_pins clk_wiz_0/clk_out2] [get_bd_pins proc_sys_reset_1/slowest_sync_clk]
connect_bd_net [get_bd_pins proc_sys_reset_1/ext_reset_in] [get_bd_pins zynq_ultra_ps_e_0/pl_resetn0]
connect_bd_net [get_bd_pins proc_sys_reset_1/dcm_locked] [get_bd_pins clk_wiz_0/locked]
regenerate_bd_layout
save_bd_design
validate_bd_design
set_property PFM.CLOCK {clk_out1 {id "16" is_default "true" proc_sys_reset "/proc_sys_reset_0" status "fixed" freq_hz "99999000"} clk_out2 {id "18" is_default "false" proc_sys_reset "/proc_sys_reset_1" status "fixed" freq_hz "199998000"}} [get_bd_cells /clk_wiz_0]
save_bd_design
set_property STEPS.SYNTH_DESIGN.ARGS.INCREMENTAL_MODE off [get_runs synth_1]
set_property synth_checkpoint_mode None [get_files  /home/randy/projects/Kria_KR260/Kria_KR260.srcs/sources_1/bd/kria_bd/kria_bd.bd]
generate_target all [get_files  /home/randy/projects/Kria_KR260/Kria_KR260.srcs/sources_1/bd/kria_bd/kria_bd.bd]
export_ip_user_files -of_objects [get_files /home/randy/projects/Kria_KR260/Kria_KR260.srcs/sources_1/bd/kria_bd/kria_bd.bd] -no_script -sync -force -quiet
export_simulation -lib_map_path [list {modelsim=/home/randy/projects/Kria_KR260/Kria_KR260.cache/compile_simlib/modelsim} {questa=/home/randy/projects/Kria_KR260/Kria_KR260.cache/compile_simlib/questa} {xcelium=/home/randy/projects/Kria_KR260/Kria_KR260.cache/compile_simlib/xcelium} {vcs=/home/randy/projects/Kria_KR260/Kria_KR260.cache/compile_simlib/vcs} {riviera=/home/randy/projects/Kria_KR260/Kria_KR260.cache/compile_simlib/riviera}] -of_objects [get_files /home/randy/projects/Kria_KR260/Kria_KR260.srcs/sources_1/bd/kria_bd/kria_bd.bd] -directory /home/randy/projects/Kria_KR260/Kria_KR260.ip_user_files/sim_scripts -ip_user_files_dir /home/randy/projects/Kria_KR260/Kria_KR260.ip_user_files -ipstatic_source_dir /home/randy/projects/Kria_KR260/Kria_KR260.ip_user_files/ipstatic -use_ip_compiled_libs -force -quiet
make_wrapper -files [get_files /home/randy/projects/Kria_KR260/Kria_KR260.srcs/sources_1/bd/kria_bd/kria_bd.bd] -top
add_files -norecurse /home/randy/projects/Kria_KR260/Kria_KR260.gen/sources_1/bd/kria_bd/hdl/kria_bd_wrapper.vhd
launch_runs impl_1 -to_step write_bitstream -jobs 12
wait_on_run impl_1
set_property platform.name {myplatformname} [current_project]
set_property pfm_name {xilinx:kr260_som:myplatformname:0.0} [get_files -all {/home/randy/projects/Kria_KR260/Kria_KR260.srcs/sources_1/bd/kria_bd/kria_bd.bd}]
set_property platform.design_intent.embedded {true} [current_project]
set_property platform.design_intent.datacenter {false} [current_project]
set_property platform.design_intent.server_managed {false} [current_project]
set_property platform.design_intent.external_host {false} [current_project]
set_property platform.default_output_type {sd_card} [current_project]
set_property platform.uses_pr {false} [current_project]
write_hw_platform -hw -include_bit -force -file /home/randy/projects/Kria_KR260/kria_bd_wrapper.xsa
open_bd_design {/home/randy/projects/Kria_KR260/Kria_KR260.srcs/sources_1/bd/kria_bd/kria_bd.bd}
